Archive member included to satisfy reference by file (symbol)

C:\Users\ruban\Documents\MCUXpressoIDE_11.5.1_7266\workspace2\lpc_board_nxp_lpcxpresso_1549\Debug\liblpc_board_nxp_lpcxpresso_1549.a(board.o)
                              ./src/pet_feeder_project.o (Board_LED_Set)
C:\Users\ruban\Documents\MCUXpressoIDE_11.5.1_7266\workspace2\lpc_board_nxp_lpcxpresso_1549\Debug\liblpc_board_nxp_lpcxpresso_1549.a(board_sysinit.o)
                              ./src/sysinit.o (Board_SystemInit)
C:\Users\ruban\Documents\MCUXpressoIDE_11.5.1_7266\workspace2\lpc_chip_15xx\Debug\liblpc_chip_15xx.a(chip_15xx.o)
                              ./src/pet_feeder_project.o (SystemCoreClockUpdate)
C:\Users\ruban\Documents\MCUXpressoIDE_11.5.1_7266\workspace2\lpc_chip_15xx\Debug\liblpc_chip_15xx.a(clock_15xx.o)
                              C:\Users\ruban\Documents\MCUXpressoIDE_11.5.1_7266\workspace2\lpc_board_nxp_lpcxpresso_1549\Debug\liblpc_board_nxp_lpcxpresso_1549.a(board.o) (Chip_Clock_GetMainClockRate)
C:\Users\ruban\Documents\MCUXpressoIDE_11.5.1_7266\workspace2\lpc_chip_15xx\Debug\liblpc_chip_15xx.a(gpio_15xx.o)
                              C:\Users\ruban\Documents\MCUXpressoIDE_11.5.1_7266\workspace2\lpc_board_nxp_lpcxpresso_1549\Debug\liblpc_board_nxp_lpcxpresso_1549.a(board.o) (Chip_GPIO_Init)
C:\Users\ruban\Documents\MCUXpressoIDE_11.5.1_7266\workspace2\lpc_chip_15xx\Debug\liblpc_chip_15xx.a(iocon_15xx.o)
                              C:\Users\ruban\Documents\MCUXpressoIDE_11.5.1_7266\workspace2\lpc_board_nxp_lpcxpresso_1549\Debug\liblpc_board_nxp_lpcxpresso_1549.a(board_sysinit.o) (Chip_IOCON_SetPinMuxing)
C:\Users\ruban\Documents\MCUXpressoIDE_11.5.1_7266\workspace2\lpc_chip_15xx\Debug\liblpc_chip_15xx.a(swm_15xx.o)
                              C:\Users\ruban\Documents\MCUXpressoIDE_11.5.1_7266\workspace2\lpc_board_nxp_lpcxpresso_1549\Debug\liblpc_board_nxp_lpcxpresso_1549.a(board.o) (Chip_SWM_MovablePinAssign)
C:\Users\ruban\Documents\MCUXpressoIDE_11.5.1_7266\workspace2\lpc_chip_15xx\Debug\liblpc_chip_15xx.a(sysctl_15xx.o)
                              C:\Users\ruban\Documents\MCUXpressoIDE_11.5.1_7266\workspace2\lpc_board_nxp_lpcxpresso_1549\Debug\liblpc_board_nxp_lpcxpresso_1549.a(board_sysinit.o) (Chip_SYSCTL_AssertPeriphReset)
C:\Users\ruban\Documents\MCUXpressoIDE_11.5.1_7266\workspace2\lpc_chip_15xx\Debug\liblpc_chip_15xx.a(sysinit_15xx.o)
                              C:\Users\ruban\Documents\MCUXpressoIDE_11.5.1_7266\workspace2\lpc_board_nxp_lpcxpresso_1549\Debug\liblpc_board_nxp_lpcxpresso_1549.a(board_sysinit.o) (Chip_SetupXtalClocking)
C:\Users\ruban\Documents\MCUXpressoIDE_11.5.1_7266\workspace2\lpc_chip_15xx\Debug\liblpc_chip_15xx.a(uart_15xx.o)
                              C:\Users\ruban\Documents\MCUXpressoIDE_11.5.1_7266\workspace2\lpc_board_nxp_lpcxpresso_1549\Debug\liblpc_board_nxp_lpcxpresso_1549.a(board.o) (Chip_UART_Init)
C:\Users\ruban\Documents\MCUXpressoIDE_11.5.1_7266\workspace2\lpc_chip_15xx\Debug\liblpc_chip_15xx.a(ring_buffer.o)
                              C:\Users\ruban\Documents\MCUXpressoIDE_11.5.1_7266\workspace2\lpc_chip_15xx\Debug\liblpc_chip_15xx.a(uart_15xx.o) (RingBuffer_Insert)
c:/metropolia/mcuxpressoide_11.5.1_7266/ide/plugins/com.nxp.mcuxpresso.tools.win32_11.5.1.202201181444/tools/bin/../lib/gcc/arm-none-eabi/10.3.1/thumb/v7-m/nofp\libgcc.a(_aeabi_uldivmod.o)
                              C:\Users\ruban\Documents\MCUXpressoIDE_11.5.1_7266\workspace2\lpc_chip_15xx\Debug\liblpc_chip_15xx.a(clock_15xx.o) (__aeabi_uldivmod)
c:/metropolia/mcuxpressoide_11.5.1_7266/ide/plugins/com.nxp.mcuxpresso.tools.win32_11.5.1.202201181444/tools/bin/../lib/gcc/arm-none-eabi/10.3.1/thumb/v7-m/nofp\libgcc.a(_udivmoddi4.o)
                              c:/metropolia/mcuxpressoide_11.5.1_7266/ide/plugins/com.nxp.mcuxpresso.tools.win32_11.5.1.202201181444/tools/bin/../lib/gcc/arm-none-eabi/10.3.1/thumb/v7-m/nofp\libgcc.a(_aeabi_uldivmod.o) (__udivmoddi4)
c:/metropolia/mcuxpressoide_11.5.1_7266/ide/plugins/com.nxp.mcuxpresso.tools.win32_11.5.1.202201181444/tools/bin/../lib/gcc/arm-none-eabi/10.3.1/thumb/v7-m/nofp\libgcc.a(_dvmd_tls.o)
                              c:/metropolia/mcuxpressoide_11.5.1_7266/ide/plugins/com.nxp.mcuxpresso.tools.win32_11.5.1.202201181444/tools/bin/../lib/gcc/arm-none-eabi/10.3.1/thumb/v7-m/nofp\libgcc.a(_aeabi_uldivmod.o) (__aeabi_ldiv0)
c:/metropolia/mcuxpressoide_11.5.1_7266/ide/plugins/com.nxp.mcuxpresso.tools.win32_11.5.1.202201181444/tools/bin/../lib/gcc/arm-none-eabi/10.3.1/../../../../arm-none-eabi/lib/thumb/v7-m/nofp\libc.a(lib_a-init.o)
                              ./src/cr_startup_lpc15xx.o (__libc_init_array)
c:/metropolia/mcuxpressoide_11.5.1_7266/ide/plugins/com.nxp.mcuxpresso.tools.win32_11.5.1.202201181444/tools/bin/../lib/gcc/arm-none-eabi/10.3.1/../../../../arm-none-eabi/lib/thumb/v7-m/nofp\libc.a(lib_a-malloc.o)
                              ./src/cr_cpp_config.o (malloc)
[...]
Memory Configuration

Name             Origin             Length             Attributes
MFlash256        0x00000000         0x00040000         xr
Ram0_16          0x02000000         0x00004000         xrw
Ram1_16          0x02004000         0x00004000         xrw
Ram2_4           0x02008000         0x00001000         xrw
*default*        0x00000000         0xffffffff

Linker script and memory map

LOAD ./src/DigitalIoPin.o
LOAD ./src/cr_cpp_config.o
LOAD ./src/cr_startup_lpc15xx.o
LOAD ./src/crp.o
LOAD ./src/pet_feeder_project.o
LOAD ./src/sysinit.o
LOAD C:\Users\ruban\Documents\MCUXpressoIDE_11.5.1_7266\workspace2\lpc_board_nxp_lpcxpresso_1549\Debug\liblpc_board_nxp_lpcxpresso_1549.a
LOAD C:\Users\ruban\Documents\MCUXpressoIDE_11.5.1_7266\workspace2\lpc_chip_15xx\Debug\liblpc_chip_15xx.a
START GROUP
LOAD c:/metropolia/mcuxpressoide_11.5.1_7266/ide/plugins/com.nxp.mcuxpresso.tools.win32_11.5.1.202201181444/tools/bin/../lib/gcc/arm-none-eabi/10.3.1/thumb/v7-m/nofp\libgcc.a
LOAD c:/metropolia/mcuxpressoide_11.5.1_7266/ide/plugins/com.nxp.mcuxpresso.tools.win32_11.5.1.202201181444/tools/bin/../lib/gcc/arm-none-eabi/10.3.1/../../../../arm-none-eabi/lib/thumb/v7-m/nofp\libc.a
LOAD c:/metropolia/mcuxpressoide_11.5.1_7266/ide/plugins/com.nxp.mcuxpresso.tools.win32_11.5.1.202201181444/tools/bin/../lib/gcc/arm-none-eabi/10.3.1/../../../../arm-none-eabi/lib/thumb/v7-m/nofp\libstdc++.a
LOAD c:/metropolia/mcuxpressoide_11.5.1_7266/ide/plugins/com.nxp.mcuxpresso.tools.win32_11.5.1.202201181444/tools/bin/../lib/gcc/arm-none-eabi/10.3.1/../../../../arm-none-eabi/lib/thumb/v7-m/nofp\libm.a
LOAD c:/metropolia/mcuxpressoide_11.5.1_7266/ide/plugins/com.nxp.mcuxpresso.tools.win32_11.5.1.202201181444/tools/bin/../lib/gcc/arm-none-eabi/10.3.1/../../../../arm-none-eabi/lib/thumb/v7-m/nofp\libcr_newlib_nohost.a
LOAD c:/metropolia/mcuxpressoide_11.5.1_7266/ide/plugins/com.nxp.mcuxpresso.tools.win32_11.5.1.202201181444/tools/bin/../lib/gcc/arm-none-eabi/10.3.1/thumb/v7-m/nofp\crti.o
LOAD c:/metropolia/mcuxpressoide_11.5.1_7266/ide/plugins/com.nxp.mcuxpresso.tools.win32_11.5.1.202201181444/tools/bin/../lib/gcc/arm-none-eabi/10.3.1/thumb/v7-m/nofp\crtn.o
LOAD c:/metropolia/mcuxpressoide_11.5.1_7266/ide/plugins/com.nxp.mcuxpresso.tools.win32_11.5.1.202201181444/tools/bin/../lib/gcc/arm-none-eabi/10.3.1/thumb/v7-m/nofp\crtbegin.o
LOAD c:/metropolia/mcuxpressoide_11.5.1_7266/ide/plugins/com.nxp.mcuxpresso.tools.win32_11.5.1.202201181444/tools/bin/../lib/gcc/arm-none-eabi/10.3.1/thumb/v7-m/nofp\crtend.o
END GROUP
                0x00000000                __base_MFlash256 = 0x0
                0x00000000                __base_Flash = 0x0
                0x00040000                __top_MFlash256 = 0x40000
                0x00040000                __top_Flash = 0x40000
                0x02000000                __base_Ram0_16 = 0x2000000
                0x02000000                __base_RAM = 0x2000000
                0x02004000                __top_Ram0_16 = 0x2004000
                0x02004000                __top_RAM = 0x2004000
                0x02004000                __base_Ram1_16 = 0x2004000
                0x02004000                __base_RAM2 = 0x2004000
                0x02008000                __top_Ram1_16 = 0x2008000
                0x02008000                __top_RAM2 = 0x2008000
                0x02008000                __base_Ram2_4 = 0x2008000
                0x02008000                __base_RAM3 = 0x2008000
                0x02009000                __top_Ram2_4 = 0x2009000
                0x02009000                __top_RAM3 = 0x2009000

.text           0x00000000     0x1a24
 FILL mask 0xff
                0x00000000                __vectors_start__ = ABSOLUTE (.)
 *(.isr_vector)
 .isr_vector    0x00000000       0xfc ./src/cr_startup_lpc15xx.o
                0x00000000                g_pfnVectors
                0x000000fc                . = ALIGN (0x4)
                0x000000fc                __section_table_start = .
                0x000000fc                __data_section_table = .
                0x000000fc        0x4 LONG 0x1a2c LOADADDR (.data)
                0x00000100        0x4 LONG 0x2000000 ADDR (.data)
                0x00000104        0x4 LONG 0x840 SIZEOF (.data)
                0x00000108        0x4 LONG 0x1a2c LOADADDR (.data_RAM2)
                0x0000010c        0x4 LONG 0x2004000 ADDR (.data_RAM2)
                0x00000110        0x4 LONG 0x0 SIZEOF (.data_RAM2)
                0x00000114        0x4 LONG 0x1a2c LOADADDR (.data_RAM3)
                0x00000118        0x4 LONG 0x2008000 ADDR (.data_RAM3)
                0x0000011c        0x4 LONG 0x0 SIZEOF (.data_RAM3)
                0x00000120                __data_section_table_end = .
                0x00000120                __bss_section_table = .
                0x00000120        0x4 LONG 0x2000840 ADDR (.bss)
                0x00000124        0x4 LONG 0x5c SIZEOF (.bss)
                0x00000128        0x4 LONG 0x2004000 ADDR (.bss_RAM2)
                0x0000012c        0x4 LONG 0x0 SIZEOF (.bss_RAM2)
                0x00000130        0x4 LONG 0x2008000 ADDR (.bss_RAM3)
                0x00000134        0x4 LONG 0x0 SIZEOF (.bss_RAM3)
                0x00000138                __bss_section_table_end = .
                0x00000138                __section_table_end = .
 *(.after_vectors*)
 .after_vectors
                0x00000138      0x140 ./src/cr_startup_lpc15xx.o
                0x00000138                data_init(unsigned int, unsigned int, unsigned int)
                0x0000017a                bss_init(unsigned int, unsigned int)
                0x000001b0                ResetISR
                0x0000023c                NMI_Handler
                0x00000242                HardFault_Handler
                0x00000248                MemManage_Handler
                0x0000024e                BusFault_Handler
                0x00000254                UsageFault_Handler
                0x0000025a                SVC_Handler
                0x00000260                DebugMon_Handler
                0x00000266                PendSV_Handler
                0x0000026c                SysTick_Handler
                0x00000272                UART1_IRQHandler
                0x00000272                RTC_WAKE_IRQHandler
                0x00000272                UART0_IRQHandler
                0x00000272                MRT_IRQHandler
                0x00000272                SPI1_IRQHandler
                0x00000272                PIN_INT6_IRQHandler
                0x00000272                IntDefaultHandler
                0x00000272                PIN_INT4_IRQHandler
                0x00000272                CAN_IRQHandler
                0x00000272                RTC_ALARM_IRQHandler
                0x00000272                ADC1B_IRQHandler
                0x00000272                ADC1_OVR_IRQHandler
                0x00000272                ADC1_THCMP_IRQHandler
                0x00000272                ADC0_OVR_IRQHandler
                0x00000272                PIN_INT5_IRQHandler
                0x00000272                SCT1_IRQHandler
                0x00000272                PIN_INT2_IRQHandler
                0x00000272                USB_FIQHandler
                0x00000272                SCT3_IRQHandler
                0x00000272                PIN_INT7_IRQHandler
                0x00000272                I2C0_IRQHandler
                0x00000272                PIN_INT1_IRQHandler
                0x00000272                USB_IRQHandler
                0x00000272                BOD_IRQHandler
                0x00000272                ADC0B_IRQHandler
                0x00000272                ACMP0_IRQHandler
                0x00000272                RIT_IRQHandler
                0x00000272                SCT2_IRQHandler
                0x00000272                WDT_IRQHandler
                0x00000272                USBWakeup_IRQHandler
                0x00000272                PIN_INT0_IRQHandler
                0x00000272                QEI_IRQHandler
                0x00000272                ACMP3_IRQHandler
                0x00000272                GINT0_IRQHandler
                0x00000272                DAC_IRQHandler
                0x00000272                SPI0_IRQHandler
                0x00000272                EEPROM_IRQHandler
                0x00000272                ACMP2_IRQHandler
                0x00000272                UART2_IRQHandler
                0x00000272                ADC1A_IRQHandler
                0x00000272                DMA_IRQHandler
                0x00000272                PIN_INT3_IRQHandler
                0x00000272                ACMP1_IRQHandler
                0x00000272                SCT0_IRQHandler
                0x00000272                ADC0A_IRQHandler
                0x00000272                FMC_IRQHandler
                0x00000272                GINT1_IRQHandler
                0x00000272                ADC0_THCMP_IRQHandler
 *(.text*)
 .text.Chip_IOCON_PinMuxSet
                0x00000278       0x2c ./src/DigitalIoPin.o
 .text.Chip_GPIO_SetPinState
                0x000002a4       0x36 ./src/DigitalIoPin.o
 .text.Chip_GPIO_GetPinState
                0x000002da       0x34 ./src/DigitalIoPin.o
 .text.Chip_GPIO_SetPinDIROutput
                0x0000030e       0x3c ./src/DigitalIoPin.o
 .text.Chip_GPIO_SetPinDIRInput
                0x0000034a       0x3e ./src/DigitalIoPin.o
 .text._ZN12DigitalIoPinC2EiiNS_7pinModeEb
                0x00000388       0xc8 ./src/DigitalIoPin.o
                0x00000388                DigitalIoPin::DigitalIoPin(int, int, DigitalIoPin::pinMode, bool)
                0x00000388                DigitalIoPin::DigitalIoPin(int, int, DigitalIoPin::pinMode, bool)
 .text._ZN12DigitalIoPinD2Ev
                0x00000450       0x20 ./src/DigitalIoPin.o
                0x00000450                DigitalIoPin::~DigitalIoPin()
                0x00000450                DigitalIoPin::~DigitalIoPin()
 .text._ZN12DigitalIoPinD0Ev
                0x00000470       0x1e ./src/DigitalIoPin.o
                0x00000470                DigitalIoPin::~DigitalIoPin()
 .text._ZN12DigitalIoPin4readEv
                0x0000048e       0x28 ./src/DigitalIoPin.o
                0x0000048e                DigitalIoPin::read()
 .text._ZN12DigitalIoPin5writeEb
                0x000004b6       0x3a ./src/DigitalIoPin.o
                0x000004b6                DigitalIoPin::write(bool)
 .text._ZdlPv   0x000004f0       0x16 ./src/cr_cpp_config.o
                0x000004f0                operator delete(void*)
 *fill*         0x00000506        0x2 ff
 .text.main     0x00000508       0x9c ./src/pet_feeder_project.o
                0x00000508                main
 .text.SystemInit
                0x000005a4        0xc ./src/sysinit.o
                0x000005a4                SystemInit
 .text.Chip_IOCON_PinMuxSet
                0x000005b0       0x2c C:\Users\ruban\Documents\MCUXpressoIDE_11.5.1_7266\workspace2\lpc_board_nxp_lpcxpresso_1549\Debug\liblpc_board_nxp_lpcxpresso_1549.a(board.o)
 .text.Chip_SWM_MovablePortPinAssign
                0x000005dc       0x30 C:\Users\ruban\Documents\MCUXpressoIDE_11.5.1_7266\workspace2\lpc_board_nxp_lpcxpresso_1549\Debug\liblpc_board_nxp_lpcxpresso_1549.a(board.o)
 .text.Chip_GPIO_SetPinState
                0x0000060c       0x36 C:\Users\ruban\Documents\MCUXpressoIDE_11.5.1_7266\workspace2\lpc_board_nxp_lpcxpresso_1549\Debug\liblpc_board_nxp_lpcxpresso_1549.a(board.o)
 .text.Chip_GPIO_SetPinDIROutput
                0x00000642       0x3c C:\Users\ruban\Documents\MCUXpressoIDE_11.5.1_7266\workspace2\lpc_board_nxp_lpcxpresso_1549\Debug\liblpc_board_nxp_lpcxpresso_1549.a(board.o)
 .text.Chip_UART_Enable
                0x0000067e       0x1e C:\Users\ruban\Documents\MCUXpressoIDE_11.5.1_7266\workspace2\lpc_board_nxp_lpcxpresso_1549\Debug\liblpc_board_nxp_lpcxpresso_1549.a(board.o)
 .text.Chip_UART_TXEnable
                0x0000069c       0x1e C:\Users\ruban\Documents\MCUXpressoIDE_11.5.1_7266\workspace2\lpc_board_nxp_lpcxpresso_1549\Debug\liblpc_board_nxp_lpcxpresso_1549.a(board.o)
 .text.Chip_UART_ConfigData
                0x000006ba       0x28 C:\Users\ruban\Documents\MCUXpressoIDE_11.5.1_7266\workspace2\lpc_board_nxp_lpcxpresso_1549\Debug\liblpc_board_nxp_lpcxpresso_1549.a(board.o)
 *fill*         0x000006e2        0x2 ff
 .text.Board_Debug_Init
                0x000006e4       0x70 C:\Users\ruban\Documents\MCUXpressoIDE_11.5.1_7266\workspace2\lpc_board_nxp_lpcxpresso_1549\Debug\liblpc_board_nxp_lpcxpresso_1549.a(board.o)
                0x000006e4                Board_Debug_Init
 .text.Board_LED_Init
                0x00000754       0x60 C:\Users\ruban\Documents\MCUXpressoIDE_11.5.1_7266\workspace2\lpc_board_nxp_lpcxpresso_1549\Debug\liblpc_board_nxp_lpcxpresso_1549.a(board.o)
 .text.Board_LED_Set
                0x000007b4       0x54 C:\Users\ruban\Documents\MCUXpressoIDE_11.5.1_7266\workspace2\lpc_board_nxp_lpcxpresso_1549\Debug\liblpc_board_nxp_lpcxpresso_1549.a(board.o)
                0x000007b4                Board_LED_Set
 .text.Board_Init
                0x00000808       0x18 C:\Users\ruban\Documents\MCUXpressoIDE_11.5.1_7266\workspace2\lpc_board_nxp_lpcxpresso_1549\Debug\liblpc_board_nxp_lpcxpresso_1549.a(board.o)
                0x00000808                Board_Init
 .text.Chip_SYSCTL_PeriphReset
                0x00000820       0x22 C:\Users\ruban\Documents\MCUXpressoIDE_11.5.1_7266\workspace2\lpc_board_nxp_lpcxpresso_1549\Debug\liblpc_board_nxp_lpcxpresso_1549.a(board_sysinit.o)
 *fill*         0x00000842        0x2 ff
 .text.Chip_Clock_SetUSBPLLSource
                0x00000844       0x20 C:\Users\ruban\Documents\MCUXpressoIDE_11.5.1_7266\workspace2\lpc_board_nxp_lpcxpresso_1549\Debug\liblpc_board_nxp_lpcxpresso_1549.a(board_sysinit.o)
 .text.Chip_Clock_SetupUSBPLL
                0x00000864       0x34 C:\Users\ruban\Documents\MCUXpressoIDE_11.5.1_7266\workspace2\lpc_board_nxp_lpcxpresso_1549\Debug\liblpc_board_nxp_lpcxpresso_1549.a(board_sysinit.o)
 .text.Chip_Clock_IsUSBPLLLocked
                0x00000898       0x24 C:\Users\ruban\Documents\MCUXpressoIDE_11.5.1_7266\workspace2\lpc_board_nxp_lpcxpresso_1549\Debug\liblpc_board_nxp_lpcxpresso_1549.a(board_sysinit.o)
 .text.Chip_Clock_SetSysTickClockDiv
                0x000008bc       0x20 C:\Users\ruban\Documents\MCUXpressoIDE_11.5.1_7266\workspace2\lpc_board_nxp_lpcxpresso_1549\Debug\liblpc_board_nxp_lpcxpresso_1549.a(board_sysinit.o)
 .text.Chip_SWM_MovablePortPinAssign
                0x000008dc       0x30 C:\Users\ruban\Documents\MCUXpressoIDE_11.5.1_7266\workspace2\lpc_board_nxp_lpcxpresso_1549\Debug\liblpc_board_nxp_lpcxpresso_1549.a(board_sysinit.o)
 .text.Board_SetupMuxing
                0x0000090c       0x84 C:\Users\ruban\Documents\MCUXpressoIDE_11.5.1_7266\workspace2\lpc_board_nxp_lpcxpresso_1549\Debug\liblpc_board_nxp_lpcxpresso_1549.a(board_sysinit.o)
                0x0000090c                Board_SetupMuxing
 .text.Board_SetupClocking
                0x00000990       0x3a C:\Users\ruban\Documents\MCUXpressoIDE_11.5.1_7266\workspace2\lpc_board_nxp_lpcxpresso_1549\Debug\liblpc_board_nxp_lpcxpresso_1549.a(board_sysinit.o)
                0x00000990                Board_SetupClocking
 *fill*         0x000009ca        0x2 ff
 .text.Board_SystemInit
                0x000009cc       0x1c C:\Users\ruban\Documents\MCUXpressoIDE_11.5.1_7266\workspace2\lpc_board_nxp_lpcxpresso_1549\Debug\liblpc_board_nxp_lpcxpresso_1549.a(board_sysinit.o)
                0x000009cc                Board_SystemInit
 .text.SystemCoreClockUpdate
                0x000009e8       0x18 C:\Users\ruban\Documents\MCUXpressoIDE_11.5.1_7266\workspace2\lpc_chip_15xx\Debug\liblpc_chip_15xx.a(chip_15xx.o)
                0x000009e8                SystemCoreClockUpdate
 .text.Chip_Clock_SetMain_A_ClockSource
                0x00000a00       0x20 C:\Users\ruban\Documents\MCUXpressoIDE_11.5.1_7266\workspace2\lpc_chip_15xx\Debug\liblpc_chip_15xx.a(clock_15xx.o)
 .text.Chip_Clock_GetMain_A_ClockSource
                0x00000a20       0x18 C:\Users\ruban\Documents\MCUXpressoIDE_11.5.1_7266\workspace2\lpc_chip_15xx\Debug\liblpc_chip_15xx.a(clock_15xx.o)
 .text.Chip_Clock_SetMain_B_ClockSource
                0x00000a38       0x20 C:\Users\ruban\Documents\MCUXpressoIDE_11.5.1_7266\workspace2\lpc_chip_15xx\Debug\liblpc_chip_15xx.a(clock_15xx.o)
 .text.Chip_Clock_GetMain_B_ClockSource
                0x00000a58       0x18 C:\Users\ruban\Documents\MCUXpressoIDE_11.5.1_7266\workspace2\lpc_chip_15xx\Debug\liblpc_chip_15xx.a(clock_15xx.o)
 .text.Chip_Clock_SetUARTFRGDivider
                0x00000a70       0x20 C:\Users\ruban\Documents\MCUXpressoIDE_11.5.1_7266\workspace2\lpc_chip_15xx\Debug\liblpc_chip_15xx.a(clock_15xx.o)
 .text.Chip_Clock_GetUARTFRGDivider
                0x00000a90       0x18 C:\Users\ruban\Documents\MCUXpressoIDE_11.5.1_7266\workspace2\lpc_chip_15xx\Debug\liblpc_chip_15xx.a(clock_15xx.o)
 .text.Chip_Clock_GetMainOscRate
                0x00000aa8       0x14 C:\Users\ruban\Documents\MCUXpressoIDE_11.5.1_7266\workspace2\lpc_chip_15xx\Debug\liblpc_chip_15xx.a(clock_15xx.o)
 .text.Chip_Clock_GetIntOscRate
                0x00000abc       0x14 C:\Users\ruban\Documents\MCUXpressoIDE_11.5.1_7266\workspace2\lpc_chip_15xx\Debug\liblpc_chip_15xx.a(clock_15xx.o)
 .text.Chip_Clock_GetRTCOscRate
                0x00000ad0       0x14 C:\Users\ruban\Documents\MCUXpressoIDE_11.5.1_7266\workspace2\lpc_chip_15xx\Debug\liblpc_chip_15xx.a(clock_15xx.o)
 .text.Chip_Clock_GetWDTOSCRate
                0x00000ae4       0x14 C:\Users\ruban\Documents\MCUXpressoIDE_11.5.1_7266\workspace2\lpc_chip_15xx\Debug\liblpc_chip_15xx.a(clock_15xx.o)
 .text.Chip_Clock_GetPLLFreq
                0x00000af8       0x26 C:\Users\ruban\Documents\MCUXpressoIDE_11.5.1_7266\workspace2\lpc_chip_15xx\Debug\liblpc_chip_15xx.a(clock_15xx.o)
 .text.Chip_Clock_GetPLLInClockRate
                0x00000b1e       0x38 C:\Users\ruban\Documents\MCUXpressoIDE_11.5.1_7266\workspace2\lpc_chip_15xx\Debug\liblpc_chip_15xx.a(clock_15xx.o)
 *fill*         0x00000b56        0x2 ff
 .text.Chip_Clock_GetSystemPLLInClockRate
                0x00000b58       0x1c C:\Users\ruban\Documents\MCUXpressoIDE_11.5.1_7266\workspace2\lpc_chip_15xx\Debug\liblpc_chip_15xx.a(clock_15xx.o)
                0x00000b58                Chip_Clock_GetSystemPLLInClockRate
 .text.Chip_Clock_GetSystemPLLOutClockRate
                0x00000b74       0x24 C:\Users\ruban\Documents\MCUXpressoIDE_11.5.1_7266\workspace2\lpc_chip_15xx\Debug\liblpc_chip_15xx.a(clock_15xx.o)
                0x00000b74                Chip_Clock_GetSystemPLLOutClockRate
 .text.Chip_Clock_GetMain_A_ClockRate
                0x00000b98       0x4a C:\Users\ruban\Documents\MCUXpressoIDE_11.5.1_7266\workspace2\lpc_chip_15xx\Debug\liblpc_chip_15xx.a(clock_15xx.o)
                0x00000b98                Chip_Clock_GetMain_A_ClockRate
 *fill*         0x00000be2        0x2 ff
 .text.Chip_Clock_GetMain_B_ClockRate
                0x00000be4       0x58 C:\Users\ruban\Documents\MCUXpressoIDE_11.5.1_7266\workspace2\lpc_chip_15xx\Debug\liblpc_chip_15xx.a(clock_15xx.o)
                0x00000be4                Chip_Clock_GetMain_B_ClockRate
 .text.Chip_Clock_SetMainClockSource
                0x00000c3c       0x3c C:\Users\ruban\Documents\MCUXpressoIDE_11.5.1_7266\workspace2\lpc_chip_15xx\Debug\liblpc_chip_15xx.a(clock_15xx.o)
                0x00000c3c                Chip_Clock_SetMainClockSource
 .text.Chip_Clock_GetMainClockRate
                0x00000c78       0x28 C:\Users\ruban\Documents\MCUXpressoIDE_11.5.1_7266\workspace2\lpc_chip_15xx\Debug\liblpc_chip_15xx.a(clock_15xx.o)
                0x00000c78                Chip_Clock_GetMainClockRate
 .text.Chip_Clock_EnablePeriphClock
                0x00000ca0       0x58 C:\Users\ruban\Documents\MCUXpressoIDE_11.5.1_7266\workspace2\lpc_chip_15xx\Debug\liblpc_chip_15xx.a(clock_15xx.o)
                0x00000ca0                Chip_Clock_EnablePeriphClock
 .text.Chip_Clock_GetUARTBaseClockRate
                0x00000cf8       0x94 C:\Users\ruban\Documents\MCUXpressoIDE_11.5.1_7266\workspace2\lpc_chip_15xx\Debug\liblpc_chip_15xx.a(clock_15xx.o)
                0x00000cf8                Chip_Clock_GetUARTBaseClockRate
 .text.Chip_Clock_SetUARTBaseClockRate
                0x00000d8c       0xac C:\Users\ruban\Documents\MCUXpressoIDE_11.5.1_7266\workspace2\lpc_chip_15xx\Debug\liblpc_chip_15xx.a(clock_15xx.o)
                0x00000d8c                Chip_Clock_SetUARTBaseClockRate
 .text.Chip_Clock_GetSystemClockRate
                0x00000e38       0x1c C:\Users\ruban\Documents\MCUXpressoIDE_11.5.1_7266\workspace2\lpc_chip_15xx\Debug\liblpc_chip_15xx.a(clock_15xx.o)
                0x00000e38                Chip_Clock_GetSystemClockRate
 .text.Chip_SYSCTL_PeriphReset
                0x00000e54       0x22 C:\Users\ruban\Documents\MCUXpressoIDE_11.5.1_7266\workspace2\lpc_chip_15xx\Debug\liblpc_chip_15xx.a(gpio_15xx.o)
 .text.Chip_GPIO_Init
                0x00000e76       0x2e C:\Users\ruban\Documents\MCUXpressoIDE_11.5.1_7266\workspace2\lpc_chip_15xx\Debug\liblpc_chip_15xx.a(gpio_15xx.o)
                0x00000e76                Chip_GPIO_Init
 .text.Chip_IOCON_PinMuxSet
                0x00000ea4       0x2c C:\Users\ruban\Documents\MCUXpressoIDE_11.5.1_7266\workspace2\lpc_chip_15xx\Debug\liblpc_chip_15xx.a(iocon_15xx.o)
 .text.Chip_IOCON_SetPinMuxing
                0x00000ed0       0x50 C:\Users\ruban\Documents\MCUXpressoIDE_11.5.1_7266\workspace2\lpc_chip_15xx\Debug\liblpc_chip_15xx.a(iocon_15xx.o)
                0x00000ed0                Chip_IOCON_SetPinMuxing
 .text.Chip_SWM_MovablePinAssign
                0x00000f20       0x5c C:\Users\ruban\Documents\MCUXpressoIDE_11.5.1_7266\workspace2\lpc_chip_15xx\Debug\liblpc_chip_15xx.a(swm_15xx.o)
                0x00000f20                Chip_SWM_MovablePinAssign
 .text.Chip_SYSCTL_AssertPeriphReset
                0x00000f7c       0x4c C:\Users\ruban\Documents\MCUXpressoIDE_11.5.1_7266\workspace2\lpc_chip_15xx\Debug\liblpc_chip_15xx.a(sysctl_15xx.o)
                0x00000f7c                Chip_SYSCTL_AssertPeriphReset
 .text.Chip_SYSCTL_DeassertPeriphReset
                0x00000fc8       0x50 C:\Users\ruban\Documents\MCUXpressoIDE_11.5.1_7266\workspace2\lpc_chip_15xx\Debug\liblpc_chip_15xx.a(sysctl_15xx.o)
                0x00000fc8                Chip_SYSCTL_DeassertPeriphReset
 .text.Chip_SYSCTL_PowerDown
                0x00001018       0x40 C:\Users\ruban\Documents\MCUXpressoIDE_11.5.1_7266\workspace2\lpc_chip_15xx\Debug\liblpc_chip_15xx.a(sysctl_15xx.o)
                0x00001018                Chip_SYSCTL_PowerDown
 .text.Chip_SYSCTL_PowerUp
                0x00001058       0x40 C:\Users\ruban\Documents\MCUXpressoIDE_11.5.1_7266\workspace2\lpc_chip_15xx\Debug\liblpc_chip_15xx.a(sysctl_15xx.o)
                0x00001058                Chip_SYSCTL_PowerUp
 .text.Chip_FMC_SetFLASHAccess
                0x00001098       0x38 C:\Users\ruban\Documents\MCUXpressoIDE_11.5.1_7266\workspace2\lpc_chip_15xx\Debug\liblpc_chip_15xx.a(sysinit_15xx.o)
 .text.Chip_Clock_SetSystemPLLSource
                0x000010d0       0x20 C:\Users\ruban\Documents\MCUXpressoIDE_11.5.1_7266\workspace2\lpc_chip_15xx\Debug\liblpc_chip_15xx.a(sysinit_15xx.o)
 .text.Chip_Clock_SetupSystemPLL
                0x000010f0       0x34 C:\Users\ruban\Documents\MCUXpressoIDE_11.5.1_7266\workspace2\lpc_chip_15xx\Debug\liblpc_chip_15xx.a(sysinit_15xx.o)
 .text.Chip_Clock_IsSystemPLLLocked
                0x00001124       0x24 C:\Users\ruban\Documents\MCUXpressoIDE_11.5.1_7266\workspace2\lpc_chip_15xx\Debug\liblpc_chip_15xx.a(sysinit_15xx.o)
 .text.Chip_Clock_SetSysClockDiv
                0x00001148       0x20 C:\Users\ruban\Documents\MCUXpressoIDE_11.5.1_7266\workspace2\lpc_chip_15xx\Debug\liblpc_chip_15xx.a(sysinit_15xx.o)
 .text.Chip_SetupXtalClocking
                0x00001168       0x52 C:\Users\ruban\Documents\MCUXpressoIDE_11.5.1_7266\workspace2\lpc_chip_15xx\Debug\liblpc_chip_15xx.a(sysinit_15xx.o)
                0x00001168                Chip_SetupXtalClocking
 .text.Chip_SYSCTL_PeriphReset
                0x000011ba       0x22 C:\Users\ruban\Documents\MCUXpressoIDE_11.5.1_7266\workspace2\lpc_chip_15xx\Debug\liblpc_chip_15xx.a(uart_15xx.o)
 .text.getUARTClockID
                0x000011dc       0x34 C:\Users\ruban\Documents\MCUXpressoIDE_11.5.1_7266\workspace2\lpc_chip_15xx\Debug\liblpc_chip_15xx.a(uart_15xx.o)
 .text.Chip_UART_Init
                0x00001210       0x4c C:\Users\ruban\Documents\MCUXpressoIDE_11.5.1_7266\workspace2\lpc_chip_15xx\Debug\liblpc_chip_15xx.a(uart_15xx.o)
                0x00001210                Chip_UART_Init
 .text.Chip_UART_SetBaud
                0x0000125c       0x2a C:\Users\ruban\Documents\MCUXpressoIDE_11.5.1_7266\workspace2\lpc_chip_15xx\Debug\liblpc_chip_15xx.a(uart_15xx.o)
                0x0000125c                Chip_UART_SetBaud
 *fill*         0x00001286        0x2 ff
 .text          0x00001288       0x30 c:/metropolia/mcuxpressoide_11.5.1_7266/ide/plugins/com.nxp.mcuxpresso.tools.win32_11.5.1.202201181444/tools/bin/../lib/gcc/arm-none-eabi/10.3.1/thumb/v7-m/nofp\libgcc.a(_aeabi_uldivmod.o)
                0x00001288                __aeabi_uldivmod
 .text          0x000012b8      0x2d4 c:/metropolia/mcuxpressoide_11.5.1_7266/ide/plugins/com.nxp.mcuxpresso.tools.win32_11.5.1.202201181444/tools/bin/../lib/gcc/arm-none-eabi/10.3.1/thumb/v7-m/nofp\libgcc.a(_udivmoddi4.o)
                0x000012b8                __udivmoddi4
 .text          0x0000158c        0x4 c:/metropolia/mcuxpressoide_11.5.1_7266/ide/plugins/com.nxp.mcuxpresso.tools.win32_11.5.1.202201181444/tools/bin/../lib/gcc/arm-none-eabi/10.3.1/thumb/v7-m/nofp\libgcc.a(_dvmd_tls.o)
                0x0000158c                __aeabi_idiv0
                0x0000158c                __aeabi_ldiv0
 .text.__libc_init_array
                0x00001590       0x48 c:/metropolia/mcuxpressoide_11.5.1_7266/ide/plugins/com.nxp.mcuxpresso.tools.win32_11.5.1.202201181444/tools/bin/../lib/gcc/arm-none-eabi/10.3.1/../../../../arm-none-eabi/lib/thumb/v7-m/nofp\libc.a(lib_a-init.o)
                0x00001590                __libc_init_array
 .text.free     0x000015d8       0x10 c:/metropolia/mcuxpressoide_11.5.1_7266/ide/plugins/com.nxp.mcuxpresso.tools.win32_11.5.1.202201181444/tools/bin/../lib/gcc/arm-none-eabi/10.3.1/../../../../arm-none-eabi/lib/thumb/v7-m/nofp\libc.a(lib_a-malloc.o)
                0x000015d8                free
 .text.__malloc_lock
                0x000015e8        0xc c:/metropolia/mcuxpressoide_11.5.1_7266/ide/plugins/com.nxp.mcuxpresso.tools.win32_11.5.1.202201181444/tools/bin/../lib/gcc/arm-none-eabi/10.3.1/../../../../arm-none-eabi/lib/thumb/v7-m/nofp\libc.a(lib_a-mlock.o)
                0x000015e8                __malloc_lock
 .text.__malloc_unlock
                0x000015f4        0xc c:/metropolia/mcuxpressoide_11.5.1_7266/ide/plugins/com.nxp.mcuxpresso.tools.win32_11.5.1.202201181444/tools/bin/../lib/gcc/arm-none-eabi/10.3.1/../../../../arm-none-eabi/lib/thumb/v7-m/nofp\libc.a(lib_a-mlock.o)
                0x000015f4                __malloc_unlock
 .text._sbrk_r  0x00001600       0x24 c:/metropolia/mcuxpressoide_11.5.1_7266/ide/plugins/com.nxp.mcuxpresso.tools.win32_11.5.1.202201181444/tools/bin/../lib/gcc/arm-none-eabi/10.3.1/../../../../arm-none-eabi/lib/thumb/v7-m/nofp\libc.a(lib_a-sbrkr.o)
                0x00001600                _sbrk_r
 .text._malloc_trim_r
                0x00001624       0xa0 c:/metropolia/mcuxpressoide_11.5.1_7266/ide/plugins/com.nxp.mcuxpresso.tools.win32_11.5.1.202201181444/tools/bin/../lib/gcc/arm-none-eabi/10.3.1/../../../../arm-none-eabi/lib/thumb/v7-m/nofp\libc.a(lib_a-freer.o)
                0x00001624                _malloc_trim_r
 .text._free_r  0x000016c4      0x200 c:/metropolia/mcuxpressoide_11.5.1_7266/ide/plugins/com.nxp.mcuxpresso.tools.win32_11.5.1.202201181444/tools/bin/../lib/gcc/arm-none-eabi/10.3.1/../../../../arm-none-eabi/lib/thumb/v7-m/nofp\libc.a(lib_a-freer.o)
                0x000016c4                _free_r
 .text.__retarget_lock_acquire_recursive
                0x000018c4        0x4 c:/metropolia/mcuxpressoide_11.5.1_7266/ide/plugins/com.nxp.mcuxpresso.tools.win32_11.5.1.202201181444/tools/bin/../lib/gcc/arm-none-eabi/10.3.1/../../../../arm-none-eabi/lib/thumb/v7-m/nofp\libc.a(lib_a-lock.o)
                0x000018c4                __retarget_lock_acquire_recursive
 .text.__retarget_lock_release_recursive
                0x000018c8        0x4 c:/metropolia/mcuxpressoide_11.5.1_7266/ide/plugins/com.nxp.mcuxpresso.tools.win32_11.5.1.202201181444/tools/bin/../lib/gcc/arm-none-eabi/10.3.1/../../../../arm-none-eabi/lib/thumb/v7-m/nofp\libc.a(lib_a-lock.o)
                0x000018c8                __retarget_lock_release_recursive
 .text._sbrk    0x000018cc       0x3c c:/metropolia/mcuxpressoide_11.5.1_7266/ide/plugins/com.nxp.mcuxpresso.tools.win32_11.5.1.202201181444/tools/bin/../lib/gcc/arm-none-eabi/10.3.1/../../../../arm-none-eabi/lib/thumb/v7-m/nofp\libcr_newlib_nohost.a(_cr_sbrk.o)
                0x000018cc                _sbrk
 .text.__check_heap_overflow
                0x00001908       0x14 c:/metropolia/mcuxpressoide_11.5.1_7266/ide/plugins/com.nxp.mcuxpresso.tools.win32_11.5.1.202201181444/tools/bin/../lib/gcc/arm-none-eabi/10.3.1/../../../../arm-none-eabi/lib/thumb/v7-m/nofp\libcr_newlib_nohost.a(_cr_check_heap.o)
                0x00001908                __check_heap_overflow
 .text          0x0000191c       0x40 c:/metropolia/mcuxpressoide_11.5.1_7266/ide/plugins/com.nxp.mcuxpresso.tools.win32_11.5.1.202201181444/tools/bin/../lib/gcc/arm-none-eabi/10.3.1/thumb/v7-m/nofp\crtbegin.o
 .text.__errno  0x0000195c        0xc c:/metropolia/mcuxpressoide_11.5.1_7266/ide/plugins/com.nxp.mcuxpresso.tools.win32_11.5.1.202201181444/tools/bin/../lib/gcc/arm-none-eabi/10.3.1/../../../../arm-none-eabi/lib/thumb/v7-m/nofp\libc.a(lib_a-errno.o)
                0x0000195c                __errno
 *(.rodata .rodata.* .constdata .constdata.*)
 .rodata._ZTV12DigitalIoPin
                0x00001968       0x14 ./src/DigitalIoPin.o
                0x00001968                vtable for DigitalIoPin
 .rodata.OscRateIn
                0x0000197c        0x4 C:\Users\ruban\Documents\MCUXpressoIDE_11.5.1_7266\workspace2\lpc_board_nxp_lpcxpresso_1549\Debug\liblpc_board_nxp_lpcxpresso_1549.a(board.o)
                0x0000197c                OscRateIn
 .rodata.RTCOscRateIn
                0x00001980        0x4 C:\Users\ruban\Documents\MCUXpressoIDE_11.5.1_7266\workspace2\lpc_board_nxp_lpcxpresso_1549\Debug\liblpc_board_nxp_lpcxpresso_1549.a(board.o)
                0x00001980                RTCOscRateIn
 .rodata.ledpins
                0x00001984        0x3 C:\Users\ruban\Documents\MCUXpressoIDE_11.5.1_7266\workspace2\lpc_board_nxp_lpcxpresso_1549\Debug\liblpc_board_nxp_lpcxpresso_1549.a(board.o)
 *fill*         0x00001987        0x1 ff
 .rodata.ledports
                0x00001988        0x3 C:\Users\ruban\Documents\MCUXpressoIDE_11.5.1_7266\workspace2\lpc_board_nxp_lpcxpresso_1549\Debug\liblpc_board_nxp_lpcxpresso_1549.a(board.o)
 *fill*         0x0000198b        0x1 ff
 .rodata.ioconSetup
                0x0000198c       0x74 C:\Users\ruban\Documents\MCUXpressoIDE_11.5.1_7266\workspace2\lpc_board_nxp_lpcxpresso_1549\Debug\liblpc_board_nxp_lpcxpresso_1549.a(board_sysinit.o)
 .rodata.swmSetup
                0x00001a00        0x6 C:\Users\ruban\Documents\MCUXpressoIDE_11.5.1_7266\workspace2\lpc_board_nxp_lpcxpresso_1549\Debug\liblpc_board_nxp_lpcxpresso_1549.a(board_sysinit.o)
                0x00001a08                . = ALIGN (0x4)
 *fill*         0x00001a06        0x2 ff
                0x00001a08                . = ALIGN (0x4)
 *(.init)
 .init          0x00001a08        0x4 c:/metropolia/mcuxpressoide_11.5.1_7266/ide/plugins/com.nxp.mcuxpresso.tools.win32_11.5.1.202201181444/tools/bin/../lib/gcc/arm-none-eabi/10.3.1/thumb/v7-m/nofp\crti.o
                0x00001a08                _init
 .init          0x00001a0c        0x8 c:/metropolia/mcuxpressoide_11.5.1_7266/ide/plugins/com.nxp.mcuxpresso.tools.win32_11.5.1.202201181444/tools/bin/../lib/gcc/arm-none-eabi/10.3.1/thumb/v7-m/nofp\crtn.o
                0x00001a14                . = ALIGN (0x4)
                0x00001a14                __preinit_array_start = .
 *(.preinit_array)
                0x00001a14                __preinit_array_end = .
                0x00001a14                . = ALIGN (0x4)
                0x00001a14                __init_array_start = .
 *(SORT_BY_NAME(.init_array.*))
 *(.init_array)
 .init_array    0x00001a14        0x4 c:/metropolia/mcuxpressoide_11.5.1_7266/ide/plugins/com.nxp.mcuxpresso.tools.win32_11.5.1.202201181444/tools/bin/../lib/gcc/arm-none-eabi/10.3.1/thumb/v7-m/nofp\crtbegin.o
                0x00001a18                __init_array_end = .
 *(.fini)
 .fini          0x00001a18        0x4 c:/metropolia/mcuxpressoide_11.5.1_7266/ide/plugins/com.nxp.mcuxpresso.tools.win32_11.5.1.202201181444/tools/bin/../lib/gcc/arm-none-eabi/10.3.1/thumb/v7-m/nofp\crti.o
                0x00001a18                _fini
 .fini          0x00001a1c        0x8 c:/metropolia/mcuxpressoide_11.5.1_7266/ide/plugins/com.nxp.mcuxpresso.tools.win32_11.5.1.202201181444/tools/bin/../lib/gcc/arm-none-eabi/10.3.1/thumb/v7-m/nofp\crtn.o
                0x00001a24                . = ALIGN (0x4)
 *crtbegin.o(.ctors)
 *(EXCLUDE_FILE(*crtend.o) .ctors)
 *(SORT_BY_NAME(.ctors.*))
 *crtend.o(.ctors)
                0x00001a24                . = ALIGN (0x4)
 *crtbegin.o(.dtors)
 *(EXCLUDE_FILE(*crtend.o) .dtors)
 *(SORT_BY_NAME(.dtors.*))
 *crtend.o(.dtors)
                0x00001a24                . = ALIGN (0x4)

.glue_7         0x00001a24        0x0
 .glue_7        0x00001a24        0x0 linker stubs

.glue_7t        0x00001a24        0x0
 .glue_7t       0x00001a24        0x0 linker stubs

.vfp11_veneer   0x00001a24        0x0
 .vfp11_veneer  0x00001a24        0x0 linker stubs

.v4_bx          0x00001a24        0x0
 .v4_bx         0x00001a24        0x0 linker stubs

.iplt           0x00001a24        0x0
 .iplt          0x00001a24        0x0 ./src/DigitalIoPin.o

.ARM.extab
 *(.ARM.extab* .gnu.linkonce.armextab.*)

.ARM.exidx      0x00001a24        0x8
                0x00001a24                __exidx_start = .
 *(.ARM.exidx* .gnu.linkonce.armexidx.*)
 .ARM.exidx     0x00001a24        0x8 c:/metropolia/mcuxpressoide_11.5.1_7266/ide/plugins/com.nxp.mcuxpresso.tools.win32_11.5.1.202201181444/tools/bin/../lib/gcc/arm-none-eabi/10.3.1/thumb/v7-m/nofp\libgcc.a(_udivmoddi4.o)
                0x00001a2c                __exidx_end = .
                0x00001a2c                _etext = .

.rel.dyn        0x00001a2c        0x0
 .rel.iplt      0x00001a2c        0x0 ./src/DigitalIoPin.o

.eh_frame       0x00001a2c        0x0
 .eh_frame      0x00001a2c        0x0 c:/metropolia/mcuxpressoide_11.5.1_7266/ide/plugins/com.nxp.mcuxpresso.tools.win32_11.5.1.202201181444/tools/bin/../lib/gcc/arm-none-eabi/10.3.1/thumb/v7-m/nofp\crtbegin.o

.data_RAM2      0x02004000        0x0 load address 0x00001a2c
 FILL mask 0xff
                [!provide]                PROVIDE (__start_data_RAM2 = .)
                [!provide]                PROVIDE (__start_data_Ram1_16 = .)
 *(.ramfunc.$RAM2)
 *(.ramfunc.$Ram1_16)
 *(.data.$RAM2)
 *(.data.$Ram1_16)
 *(.data.$RAM2.*)
 *(.data.$Ram1_16.*)
                0x02004000                . = ALIGN (0x4)
                [!provide]                PROVIDE (__end_data_RAM2 = .)
                [!provide]                PROVIDE (__end_data_Ram1_16 = .)

.data_RAM3      0x02008000        0x0 load address 0x00001a2c
 FILL mask 0xff
                [!provide]                PROVIDE (__start_data_RAM3 = .)
                [!provide]                PROVIDE (__start_data_Ram2_4 = .)
 *(.ramfunc.$RAM3)
 *(.ramfunc.$Ram2_4)
 *(.data.$RAM3)
 *(.data.$Ram2_4)
 *(.data.$RAM3.*)
 *(.data.$Ram2_4.*)
                0x02008000                . = ALIGN (0x4)
                [!provide]                PROVIDE (__end_data_RAM3 = .)
                [!provide]                PROVIDE (__end_data_Ram2_4 = .)

.uninit_RESERVED
                0x02000000        0x0
                0x02000000                _start_uninit_RESERVED = .
 *(.bss.$RESERVED*)
                0x02000000                . = ALIGN (0x4)
                0x02000000                _end_uninit_RESERVED = .

.data           0x02000000      0x840 load address 0x00001a2c
 FILL mask 0xff
                0x02000000                _data = .
                [!provide]                PROVIDE (__start_data_RAM = .)
                [!provide]                PROVIDE (__start_data_Ram0_16 = .)
 *(vtable)
 *(.ramfunc*)
 *(CodeQuickAccess)
 *(DataQuickAccess)
 *(RamFunction)
 *(.data*)
 .data.__malloc_av_
                0x02000000      0x408 c:/metropolia/mcuxpressoide_11.5.1_7266/ide/plugins/com.nxp.mcuxpresso.tools.win32_11.5.1.202201181444/tools/bin/../lib/gcc/arm-none-eabi/10.3.1/../../../../arm-none-eabi/lib/thumb/v7-m/nofp\libc.a(lib_a-mallocr.o)
                0x02000000                __malloc_av_
 .data.__malloc_sbrk_base
                0x02000408        0x4 c:/metropolia/mcuxpressoide_11.5.1_7266/ide/plugins/com.nxp.mcuxpresso.tools.win32_11.5.1.202201181444/tools/bin/../lib/gcc/arm-none-eabi/10.3.1/../../../../arm-none-eabi/lib/thumb/v7-m/nofp\libc.a(lib_a-mallocr.o)
                0x02000408                __malloc_sbrk_base
 .data.__malloc_trim_threshold
                0x0200040c        0x4 c:/metropolia/mcuxpressoide_11.5.1_7266/ide/plugins/com.nxp.mcuxpresso.tools.win32_11.5.1.202201181444/tools/bin/../lib/gcc/arm-none-eabi/10.3.1/../../../../arm-none-eabi/lib/thumb/v7-m/nofp\libc.a(lib_a-mallocr.o)
                0x0200040c                __malloc_trim_threshold
 .data._impure_ptr
                0x02000410        0x4 c:/metropolia/mcuxpressoide_11.5.1_7266/ide/plugins/com.nxp.mcuxpresso.tools.win32_11.5.1.202201181444/tools/bin/../lib/gcc/arm-none-eabi/10.3.1/../../../../arm-none-eabi/lib/thumb/v7-m/nofp\libc.a(lib_a-impure.o)
                0x02000410                _impure_ptr
 *fill*         0x02000414        0x4 ff
 .data.impure_data
                0x02000418      0x428 c:/metropolia/mcuxpressoide_11.5.1_7266/ide/plugins/com.nxp.mcuxpresso.tools.win32_11.5.1.202201181444/tools/bin/../lib/gcc/arm-none-eabi/10.3.1/../../../../arm-none-eabi/lib/thumb/v7-m/nofp\libc.a(lib_a-impure.o)
                0x02000840                . = ALIGN (0x4)
                0x02000840                _edata = .
                [!provide]                PROVIDE (__end_data_RAM = .)
                [!provide]                PROVIDE (__end_data_Ram0_16 = .)

.igot.plt       0x02000840        0x0 load address 0x0000226c
 .igot.plt      0x02000840        0x0 ./src/DigitalIoPin.o

.bss_RAM2       0x02004000        0x0
                [!provide]                PROVIDE (__start_bss_RAM2 = .)
                [!provide]                PROVIDE (__start_bss_Ram1_16 = .)
 *(.bss.$RAM2)
 *(.bss.$Ram1_16)
 *(.bss.$RAM2.*)
 *(.bss.$Ram1_16.*)
                0x02004000                . = ALIGN ((. != 0x0)?0x4:0x1)
                [!provide]                PROVIDE (__end_bss_RAM2 = .)
                [!provide]                PROVIDE (__end_bss_Ram1_16 = .)

.bss_RAM3       0x02008000        0x0
                [!provide]                PROVIDE (__start_bss_RAM3 = .)
                [!provide]                PROVIDE (__start_bss_Ram2_4 = .)
 *(.bss.$RAM3)
 *(.bss.$Ram2_4)
 *(.bss.$RAM3.*)
 *(.bss.$Ram2_4.*)
                0x02008000                . = ALIGN ((. != 0x0)?0x4:0x1)
                [!provide]                PROVIDE (__end_bss_RAM3 = .)
                [!provide]                PROVIDE (__end_bss_Ram2_4 = .)

.bss            0x02000840       0x5c
                0x02000840                _bss = .
                [!provide]                PROVIDE (__start_bss_RAM = .)
                [!provide]                PROVIDE (__start_bss_Ram0_16 = .)
 *(.bss*)
 .bss._ZZ4mainE1i
                0x02000840        0x4 ./src/pet_feeder_project.o
 .bss.SystemCoreClock
                0x02000844        0x4 C:\Users\ruban\Documents\MCUXpressoIDE_11.5.1_7266\workspace2\lpc_chip_15xx\Debug\liblpc_chip_15xx.a(chip_15xx.o)
                0x02000844                SystemCoreClock
 .bss.__malloc_current_mallinfo
                0x02000848       0x28 c:/metropolia/mcuxpressoide_11.5.1_7266/ide/plugins/com.nxp.mcuxpresso.tools.win32_11.5.1.202201181444/tools/bin/../lib/gcc/arm-none-eabi/10.3.1/../../../../arm-none-eabi/lib/thumb/v7-m/nofp\libc.a(lib_a-mallocr.o)
                0x02000848                __malloc_current_mallinfo
 .bss.__malloc_top_pad
                0x02000870        0x4 c:/metropolia/mcuxpressoide_11.5.1_7266/ide/plugins/com.nxp.mcuxpresso.tools.win32_11.5.1.202201181444/tools/bin/../lib/gcc/arm-none-eabi/10.3.1/../../../../arm-none-eabi/lib/thumb/v7-m/nofp\libc.a(lib_a-mallocr.o)
                0x02000870                __malloc_top_pad
 .bss.__lock___malloc_recursive_mutex
                0x02000874        0x1 c:/metropolia/mcuxpressoide_11.5.1_7266/ide/plugins/com.nxp.mcuxpresso.tools.win32_11.5.1.202201181444/tools/bin/../lib/gcc/arm-none-eabi/10.3.1/../../../../arm-none-eabi/lib/thumb/v7-m/nofp\libc.a(lib_a-lock.o)
                0x02000874                __lock___malloc_recursive_mutex
 *fill*         0x02000875        0x3 
 .bss.errno     0x02000878        0x4 c:/metropolia/mcuxpressoide_11.5.1_7266/ide/plugins/com.nxp.mcuxpresso.tools.win32_11.5.1.202201181444/tools/bin/../lib/gcc/arm-none-eabi/10.3.1/../../../../arm-none-eabi/lib/thumb/v7-m/nofp\libc.a(lib_a-reent.o)
                0x02000878                errno
 .bss.__end_of_heap
                0x0200087c        0x4 c:/metropolia/mcuxpressoide_11.5.1_7266/ide/plugins/com.nxp.mcuxpresso.tools.win32_11.5.1.202201181444/tools/bin/../lib/gcc/arm-none-eabi/10.3.1/../../../../arm-none-eabi/lib/thumb/v7-m/nofp\libcr_newlib_nohost.a(_cr_sbrk.o)
                0x0200087c                __end_of_heap
 .bss           0x02000880       0x1c c:/metropolia/mcuxpressoide_11.5.1_7266/ide/plugins/com.nxp.mcuxpresso.tools.win32_11.5.1.202201181444/tools/bin/../lib/gcc/arm-none-eabi/10.3.1/thumb/v7-m/nofp\crtbegin.o
 *(COMMON)
                0x0200089c                . = ALIGN (0x4)
                0x0200089c                _ebss = .
                [!provide]                PROVIDE (__end_bss_RAM = .)
                [!provide]                PROVIDE (__end_bss_Ram0_16 = .)
                [!provide]                PROVIDE (end = .)

.noinit_RAM2    0x02004000        0x0
                [!provide]                PROVIDE (__start_noinit_RAM2 = .)
                [!provide]                PROVIDE (__start_noinit_Ram1_16 = .)
 *(.noinit.$RAM2)
 *(.noinit.$Ram1_16)
 *(.noinit.$RAM2.*)
 *(.noinit.$Ram1_16.*)
                0x02004000                . = ALIGN (0x4)
                [!provide]                PROVIDE (__end_noinit_RAM2 = .)
                [!provide]                PROVIDE (__end_noinit_Ram1_16 = .)

.noinit_RAM3    0x02008000        0x0
                [!provide]                PROVIDE (__start_noinit_RAM3 = .)
                [!provide]                PROVIDE (__start_noinit_Ram2_4 = .)
 *(.noinit.$RAM3)
 *(.noinit.$Ram2_4)
 *(.noinit.$RAM3.*)
 *(.noinit.$Ram2_4.*)
                0x02008000                . = ALIGN (0x4)
                [!provide]                PROVIDE (__end_noinit_RAM3 = .)
                [!provide]                PROVIDE (__end_noinit_Ram2_4 = .)

.noinit         0x0200089c        0x0
                0x0200089c                _noinit = .
                [!provide]                PROVIDE (__start_noinit_RAM = .)
                [!provide]                PROVIDE (__start_noinit_Ram0_16 = .)
 *(.noinit*)
                0x0200089c                . = ALIGN (0x4)
                0x0200089c                _end_noinit = .
                [!provide]                PROVIDE (__end_noinit_RAM = .)
                [!provide]                PROVIDE (__end_noinit_Ram0_16 = .)
                0x0200089c                PROVIDE (_pvHeapStart = DEFINED (__user_heap_base)?__user_heap_base:.)
                0x02004000                PROVIDE (_vStackTop = DEFINED (__user_stack_top)?__user_stack_top:(__top_Ram0_16 - 0x0))
                0xfdffb2e2                PROVIDE (__valid_user_code_checksum = (0x0 - ((((((_vStackTop + (ResetISR + 0x1)) + (NMI_Handler + 0x1)) + (HardFault_Handler + 0x1)) + (DEFINED (MemManage_Handler)?MemManage_Handler:0x0 + 0x1)) + (DEFINED (BusFault_Handler)?BusFault_Handler:0x0 + 0x1)) + (DEFINED (UsageFault_Handler)?UsageFault_Handler:0x0 + 0x1))))
                0x00000000                _image_start = LOADADDR (.text)
                0x0000226c                _image_end = (LOADADDR (.data) + SIZEOF (.data))
                0x0000226c                _image_size = (_image_end - _image_start)
OUTPUT(pet_feeder_project.axf elf32-littlearm)
LOAD linker stubs

.debug_info     0x00000000     0x6a04
 .debug_info    0x00000000      0x64a ./src/DigitalIoPin.o
 .debug_info    0x0000064a      0x9f1 ./src/cr_cpp_config.o
 .debug_info    0x0000103b      0x2ac ./src/cr_startup_lpc15xx.o
 .debug_info    0x000012e7      0x11e ./src/pet_feeder_project.o
 .debug_info    0x00001405       0x90 ./src/sysinit.o
 .debug_info    0x00001495      0xb36 C:\Users\ruban\Documents\MCUXpressoIDE_11.5.1_7266\workspace2\lpc_board_nxp_lpcxpresso_1549\Debug\liblpc_board_nxp_lpcxpresso_1549.a(board.o)
 .debug_info    0x00001fcb      0xcb2 C:\Users\ruban\Documents\MCUXpressoIDE_11.5.1_7266\workspace2\lpc_board_nxp_lpcxpresso_1549\Debug\liblpc_board_nxp_lpcxpresso_1549.a(board_sysinit.o)
 .debug_info    0x00002c7d      0x97f C:\Users\ruban\Documents\MCUXpressoIDE_11.5.1_7266\workspace2\lpc_chip_15xx\Debug\liblpc_chip_15xx.a(chip_15xx.o)
 .debug_info    0x000035fc      0xd86 C:\Users\ruban\Documents\MCUXpressoIDE_11.5.1_7266\workspace2\lpc_chip_15xx\Debug\liblpc_chip_15xx.a(clock_15xx.o)
 .debug_info    0x00004382      0x600 C:\Users\ruban\Documents\MCUXpressoIDE_11.5.1_7266\workspace2\lpc_chip_15xx\Debug\liblpc_chip_15xx.a(gpio_15xx.o)
 .debug_info    0x00004982      0x1cb C:\Users\ruban\Documents\MCUXpressoIDE_11.5.1_7266\workspace2\lpc_chip_15xx\Debug\liblpc_chip_15xx.a(iocon_15xx.o)
 .debug_info    0x00004b4d      0x5ca C:\Users\ruban\Documents\MCUXpressoIDE_11.5.1_7266\workspace2\lpc_chip_15xx\Debug\liblpc_chip_15xx.a(swm_15xx.o)
 .debug_info    0x00005117      0x731 C:\Users\ruban\Documents\MCUXpressoIDE_11.5.1_7266\workspace2\lpc_chip_15xx\Debug\liblpc_chip_15xx.a(sysctl_15xx.o)
 .debug_info    0x00005848      0x70b C:\Users\ruban\Documents\MCUXpressoIDE_11.5.1_7266\workspace2\lpc_chip_15xx\Debug\liblpc_chip_15xx.a(sysinit_15xx.o)
 .debug_info    0x00005f53      0x90e C:\Users\ruban\Documents\MCUXpressoIDE_11.5.1_7266\workspace2\lpc_chip_15xx\Debug\liblpc_chip_15xx.a(uart_15xx.o)
 .debug_info    0x00006861      0x132 c:/metropolia/mcuxpressoide_11.5.1_7266/ide/plugins/com.nxp.mcuxpresso.tools.win32_11.5.1.202201181444/tools/bin/../lib/gcc/arm-none-eabi/10.3.1/../../../../arm-none-eabi/lib/thumb/v7-m/nofp\libcr_newlib_nohost.a(_cr_sbrk.o)
 .debug_info    0x00006993       0x71 c:/metropolia/mcuxpressoide_11.5.1_7266/ide/plugins/com.nxp.mcuxpresso.tools.win32_11.5.1.202201181444/tools/bin/../lib/gcc/arm-none-eabi/10.3.1/../../../../arm-none-eabi/lib/thumb/v7-m/nofp\libcr_newlib_nohost.a(_cr_check_heap.o)

.debug_abbrev   0x00000000     0x1a55
 .debug_abbrev  0x00000000      0x2d8 ./src/DigitalIoPin.o
 .debug_abbrev  0x000002d8      0x266 ./src/cr_cpp_config.o
 .debug_abbrev  0x0000053e      0x125 ./src/cr_startup_lpc15xx.o
 .debug_abbrev  0x00000663       0x8f ./src/pet_feeder_project.o
 .debug_abbrev  0x000006f2       0x47 ./src/sysinit.o
 .debug_abbrev  0x00000739      0x274 C:\Users\ruban\Documents\MCUXpressoIDE_11.5.1_7266\workspace2\lpc_board_nxp_lpcxpresso_1549\Debug\liblpc_board_nxp_lpcxpresso_1549.a(board.o)
 .debug_abbrev  0x000009ad      0x232 C:\Users\ruban\Documents\MCUXpressoIDE_11.5.1_7266\workspace2\lpc_board_nxp_lpcxpresso_1549\Debug\liblpc_board_nxp_lpcxpresso_1549.a(board_sysinit.o)
 .debug_abbrev  0x00000bdf      0x1c8 C:\Users\ruban\Documents\MCUXpressoIDE_11.5.1_7266\workspace2\lpc_chip_15xx\Debug\liblpc_chip_15xx.a(chip_15xx.o)
 .debug_abbrev  0x00000da7      0x2c6 C:\Users\ruban\Documents\MCUXpressoIDE_11.5.1_7266\workspace2\lpc_chip_15xx\Debug\liblpc_chip_15xx.a(clock_15xx.o)
 .debug_abbrev  0x0000106d      0x15d C:\Users\ruban\Documents\MCUXpressoIDE_11.5.1_7266\workspace2\lpc_chip_15xx\Debug\liblpc_chip_15xx.a(gpio_15xx.o)
 .debug_abbrev  0x000011ca      0x129 C:\Users\ruban\Documents\MCUXpressoIDE_11.5.1_7266\workspace2\lpc_chip_15xx\Debug\liblpc_chip_15xx.a(iocon_15xx.o)
 .debug_abbrev  0x000012f3      0x14e C:\Users\ruban\Documents\MCUXpressoIDE_11.5.1_7266\workspace2\lpc_chip_15xx\Debug\liblpc_chip_15xx.a(swm_15xx.o)
 .debug_abbrev  0x00001441      0x11f C:\Users\ruban\Documents\MCUXpressoIDE_11.5.1_7266\workspace2\lpc_chip_15xx\Debug\liblpc_chip_15xx.a(sysctl_15xx.o)
 .debug_abbrev  0x00001560      0x1a8 C:\Users\ruban\Documents\MCUXpressoIDE_11.5.1_7266\workspace2\lpc_chip_15xx\Debug\liblpc_chip_15xx.a(sysinit_15xx.o)
 .debug_abbrev  0x00001708      0x1ff C:\Users\ruban\Documents\MCUXpressoIDE_11.5.1_7266\workspace2\lpc_chip_15xx\Debug\liblpc_chip_15xx.a(uart_15xx.o)
 .debug_abbrev  0x00001907       0xe3 c:/metropolia/mcuxpressoide_11.5.1_7266/ide/plugins/com.nxp.mcuxpresso.tools.win32_11.5.1.202201181444/tools/bin/../lib/gcc/arm-none-eabi/10.3.1/../../../../arm-none-eabi/lib/thumb/v7-m/nofp\libcr_newlib_nohost.a(_cr_sbrk.o)
 .debug_abbrev  0x000019ea       0x6b c:/metropolia/mcuxpressoide_11.5.1_7266/ide/plugins/com.nxp.mcuxpresso.tools.win32_11.5.1.202201181444/tools/bin/../lib/gcc/arm-none-eabi/10.3.1/../../../../arm-none-eabi/lib/thumb/v7-m/nofp\libcr_newlib_nohost.a(_cr_check_heap.o)

.debug_aranges  0x00000000      0x6a0
 .debug_aranges
                0x00000000       0x68 ./src/DigitalIoPin.o
 .debug_aranges
                0x00000068       0x48 ./src/cr_cpp_config.o
 .debug_aranges
                0x000000b0       0x80 ./src/cr_startup_lpc15xx.o
 .debug_aranges
                0x00000130       0x20 ./src/pet_feeder_project.o
 .debug_aranges
                0x00000150       0x20 ./src/sysinit.o
 .debug_aranges
                0x00000170       0xd0 C:\Users\ruban\Documents\MCUXpressoIDE_11.5.1_7266\workspace2\lpc_board_nxp_lpcxpresso_1549\Debug\liblpc_board_nxp_lpcxpresso_1549.a(board.o)
 .debug_aranges
                0x00000240       0x60 C:\Users\ruban\Documents\MCUXpressoIDE_11.5.1_7266\workspace2\lpc_board_nxp_lpcxpresso_1549\Debug\liblpc_board_nxp_lpcxpresso_1549.a(board_sysinit.o)
 .debug_aranges
                0x000002a0       0x50 C:\Users\ruban\Documents\MCUXpressoIDE_11.5.1_7266\workspace2\lpc_chip_15xx\Debug\liblpc_chip_15xx.a(chip_15xx.o)
 .debug_aranges
                0x000002f0      0x128 C:\Users\ruban\Documents\MCUXpressoIDE_11.5.1_7266\workspace2\lpc_chip_15xx\Debug\liblpc_chip_15xx.a(clock_15xx.o)
 .debug_aranges
                0x00000418       0x70 C:\Users\ruban\Documents\MCUXpressoIDE_11.5.1_7266\workspace2\lpc_chip_15xx\Debug\liblpc_chip_15xx.a(gpio_15xx.o)
 .debug_aranges
                0x00000488       0x28 C:\Users\ruban\Documents\MCUXpressoIDE_11.5.1_7266\workspace2\lpc_chip_15xx\Debug\liblpc_chip_15xx.a(iocon_15xx.o)
 .debug_aranges
                0x000004b0       0x40 C:\Users\ruban\Documents\MCUXpressoIDE_11.5.1_7266\workspace2\lpc_chip_15xx\Debug\liblpc_chip_15xx.a(swm_15xx.o)
 .debug_aranges
                0x000004f0       0x50 C:\Users\ruban\Documents\MCUXpressoIDE_11.5.1_7266\workspace2\lpc_chip_15xx\Debug\liblpc_chip_15xx.a(sysctl_15xx.o)
 .debug_aranges
                0x00000540       0x58 C:\Users\ruban\Documents\MCUXpressoIDE_11.5.1_7266\workspace2\lpc_chip_15xx\Debug\liblpc_chip_15xx.a(sysinit_15xx.o)
 .debug_aranges
                0x00000598       0xc8 C:\Users\ruban\Documents\MCUXpressoIDE_11.5.1_7266\workspace2\lpc_chip_15xx\Debug\liblpc_chip_15xx.a(uart_15xx.o)
 .debug_aranges
                0x00000660       0x20 c:/metropolia/mcuxpressoide_11.5.1_7266/ide/plugins/com.nxp.mcuxpresso.tools.win32_11.5.1.202201181444/tools/bin/../lib/gcc/arm-none-eabi/10.3.1/../../../../arm-none-eabi/lib/thumb/v7-m/nofp\libcr_newlib_nohost.a(_cr_sbrk.o)
 .debug_aranges
                0x00000680       0x20 c:/metropolia/mcuxpressoide_11.5.1_7266/ide/plugins/com.nxp.mcuxpresso.tools.win32_11.5.1.202201181444/tools/bin/../lib/gcc/arm-none-eabi/10.3.1/../../../../arm-none-eabi/lib/thumb/v7-m/nofp\libcr_newlib_nohost.a(_cr_check_heap.o)

.debug_ranges   0x00000000      0x5a8
 .debug_ranges  0x00000000       0x58 ./src/DigitalIoPin.o
 .debug_ranges  0x00000058       0x38 ./src/cr_cpp_config.o
 .debug_ranges  0x00000090       0x70 ./src/cr_startup_lpc15xx.o
 .debug_ranges  0x00000100       0x10 ./src/pet_feeder_project.o
 .debug_ranges  0x00000110       0x10 ./src/sysinit.o
 .debug_ranges  0x00000120       0xd8 C:\Users\ruban\Documents\MCUXpressoIDE_11.5.1_7266\workspace2\lpc_board_nxp_lpcxpresso_1549\Debug\liblpc_board_nxp_lpcxpresso_1549.a(board.o)
 .debug_ranges  0x000001f8       0x50 C:\Users\ruban\Documents\MCUXpressoIDE_11.5.1_7266\workspace2\lpc_board_nxp_lpcxpresso_1549\Debug\liblpc_board_nxp_lpcxpresso_1549.a(board_sysinit.o)
 .debug_ranges  0x00000248       0x40 C:\Users\ruban\Documents\MCUXpressoIDE_11.5.1_7266\workspace2\lpc_chip_15xx\Debug\liblpc_chip_15xx.a(chip_15xx.o)
 .debug_ranges  0x00000288      0x118 C:\Users\ruban\Documents\MCUXpressoIDE_11.5.1_7266\workspace2\lpc_chip_15xx\Debug\liblpc_chip_15xx.a(clock_15xx.o)
 .debug_ranges  0x000003a0       0x60 C:\Users\ruban\Documents\MCUXpressoIDE_11.5.1_7266\workspace2\lpc_chip_15xx\Debug\liblpc_chip_15xx.a(gpio_15xx.o)
 .debug_ranges  0x00000400       0x18 C:\Users\ruban\Documents\MCUXpressoIDE_11.5.1_7266\workspace2\lpc_chip_15xx\Debug\liblpc_chip_15xx.a(iocon_15xx.o)
 .debug_ranges  0x00000418       0x30 C:\Users\ruban\Documents\MCUXpressoIDE_11.5.1_7266\workspace2\lpc_chip_15xx\Debug\liblpc_chip_15xx.a(swm_15xx.o)
 .debug_ranges  0x00000448       0x40 C:\Users\ruban\Documents\MCUXpressoIDE_11.5.1_7266\workspace2\lpc_chip_15xx\Debug\liblpc_chip_15xx.a(sysctl_15xx.o)
 .debug_ranges  0x00000488       0x48 C:\Users\ruban\Documents\MCUXpressoIDE_11.5.1_7266\workspace2\lpc_chip_15xx\Debug\liblpc_chip_15xx.a(sysinit_15xx.o)
 .debug_ranges  0x000004d0       0xb8 C:\Users\ruban\Documents\MCUXpressoIDE_11.5.1_7266\workspace2\lpc_chip_15xx\Debug\liblpc_chip_15xx.a(uart_15xx.o)
 .debug_ranges  0x00000588       0x10 c:/metropolia/mcuxpressoide_11.5.1_7266/ide/plugins/com.nxp.mcuxpresso.tools.win32_11.5.1.202201181444/tools/bin/../lib/gcc/arm-none-eabi/10.3.1/../../../../arm-none-eabi/lib/thumb/v7-m/nofp\libcr_newlib_nohost.a(_cr_sbrk.o)
 .debug_ranges  0x00000598       0x10 c:/metropolia/mcuxpressoide_11.5.1_7266/ide/plugins/com.nxp.mcuxpresso.tools.win32_11.5.1.202201181444/tools/bin/../lib/gcc/arm-none-eabi/10.3.1/../../../../arm-none-eabi/lib/thumb/v7-m/nofp\libcr_newlib_nohost.a(_cr_check_heap.o)

.debug_macro    0x00000000     0x9c5c
 .debug_macro   0x00000000      0x26f ./src/DigitalIoPin.o
 .debug_macro   0x0000026f      0xb32 ./src/DigitalIoPin.o
 .debug_macro   0x00000da1       0x1c ./src/DigitalIoPin.o
 .debug_macro   0x00000dbd       0x22 ./src/DigitalIoPin.o
 .debug_macro   0x00000ddf       0x56 ./src/DigitalIoPin.o
 .debug_macro   0x00000e35       0x51 ./src/DigitalIoPin.o
 .debug_macro   0x00000e86      0x103 ./src/DigitalIoPin.o
 .debug_macro   0x00000f89       0x6a ./src/DigitalIoPin.o
 .debug_macro   0x00000ff3      0x1df ./src/DigitalIoPin.o
 .debug_macro   0x000011d2       0x16 ./src/DigitalIoPin.o
 .debug_macro   0x000011e8       0x7b ./src/DigitalIoPin.o
 .debug_macro   0x00001263       0x10 ./src/DigitalIoPin.o
 .debug_macro   0x00001273       0x2d ./src/DigitalIoPin.o
 .debug_macro   0x000012a0       0x3a ./src/DigitalIoPin.o
 .debug_macro   0x000012da       0x2d ./src/DigitalIoPin.o
 .debug_macro   0x00001307      0xa7d ./src/DigitalIoPin.o
 .debug_macro   0x00001d84      0x1b4 ./src/DigitalIoPin.o
 .debug_macro   0x00001f38       0xca ./src/DigitalIoPin.o
 .debug_macro   0x00002002       0x18 ./src/DigitalIoPin.o
 .debug_macro   0x0000201a       0xb2 ./src/DigitalIoPin.o
 .debug_macro   0x000020cc       0x70 ./src/DigitalIoPin.o
 .debug_macro   0x0000213c       0x46 ./src/DigitalIoPin.o
 .debug_macro   0x00002182       0xd0 ./src/DigitalIoPin.o
 .debug_macro   0x00002252       0x40 ./src/DigitalIoPin.o
 .debug_macro   0x00002292      0x233 ./src/DigitalIoPin.o
 .debug_macro   0x000024c5       0x16 ./src/DigitalIoPin.o
 .debug_macro   0x000024db       0x88 ./src/DigitalIoPin.o
 .debug_macro   0x00002563       0x34 ./src/DigitalIoPin.o
 .debug_macro   0x00002597       0x6a ./src/DigitalIoPin.o
 .debug_macro   0x00002601       0x40 ./src/DigitalIoPin.o
 .debug_macro   0x00002641       0x1c ./src/DigitalIoPin.o
 .debug_macro   0x0000265d       0x16 ./src/DigitalIoPin.o
 .debug_macro   0x00002673      0x10c ./src/DigitalIoPin.o
 .debug_macro   0x0000277f      0x2a9 ./src/DigitalIoPin.o
 .debug_macro   0x00002a28       0x76 ./src/DigitalIoPin.o
 .debug_macro   0x00002a9e       0x22 ./src/DigitalIoPin.o
 .debug_macro   0x00002ac0      0x152 ./src/DigitalIoPin.o
 .debug_macro   0x00002c12       0x82 ./src/DigitalIoPin.o
 .debug_macro   0x00002c94       0xe6 ./src/DigitalIoPin.o
 .debug_macro   0x00002d7a       0x3a ./src/DigitalIoPin.o
 .debug_macro   0x00002db4       0x34 ./src/DigitalIoPin.o
 .debug_macro   0x00002de8       0x10 ./src/DigitalIoPin.o
 .debug_macro   0x00002df8       0x76 ./src/DigitalIoPin.o
 .debug_macro   0x00002e6e       0x58 ./src/DigitalIoPin.o
 .debug_macro   0x00002ec6      0x2ca ./src/DigitalIoPin.o
 .debug_macro   0x00003190      0x22b ./src/DigitalIoPin.o
 .debug_macro   0x000033bb       0x2e ./src/DigitalIoPin.o
 .debug_macro   0x000033e9      0x135 ./src/cr_cpp_config.o
 .debug_macro   0x0000351e      0x18a ./src/cr_cpp_config.o
 .debug_macro   0x000036a8       0x10 ./src/cr_cpp_config.o
 .debug_macro   0x000036b8      0x3d1 ./src/cr_cpp_config.o
 .debug_macro   0x00003a89       0x10 ./src/cr_cpp_config.o
 .debug_macro   0x00003a99       0x18 ./src/cr_cpp_config.o
 .debug_macro   0x00003ab1       0x5e ./src/cr_cpp_config.o
 .debug_macro   0x00003b0f       0x5c ./src/cr_cpp_config.o
 .debug_macro   0x00003b6b       0x35 ./src/cr_cpp_config.o
 .debug_macro   0x00003ba0       0x34 ./src/cr_cpp_config.o
 .debug_macro   0x00003bd4       0x16 ./src/cr_cpp_config.o
 .debug_macro   0x00003bea      0x10e ./src/cr_cpp_config.o
 .debug_macro   0x00003cf8       0x94 ./src/cr_cpp_config.o
 .debug_macro   0x00003d8c       0x16 ./src/cr_cpp_config.o
 .debug_macro   0x00003da2       0x43 ./src/cr_cpp_config.o
 .debug_macro   0x00003de5       0x57 ./src/cr_cpp_config.o
 .debug_macro   0x00003e3c       0x34 ./src/cr_cpp_config.o
 .debug_macro   0x00003e70       0x10 ./src/cr_cpp_config.o
 .debug_macro   0x00003e80       0x58 ./src/cr_cpp_config.o
 .debug_macro   0x00003ed8      0x182 ./src/cr_cpp_config.o
 .debug_macro   0x0000405a      0x364 ./src/cr_cpp_config.o
 .debug_macro   0x000043be       0x22 ./src/cr_cpp_config.o
 .debug_macro   0x000043e0       0x1c ./src/cr_cpp_config.o
 .debug_macro   0x000043fc       0xde ./src/cr_cpp_config.o
 .debug_macro   0x000044da       0x23 ./src/cr_startup_lpc15xx.o
 .debug_macro   0x000044fd      0x383 ./src/pet_feeder_project.o
 .debug_macro   0x00004880       0x34 ./src/pet_feeder_project.o
 .debug_macro   0x000048b4       0x64 ./src/pet_feeder_project.o
 .debug_macro   0x00004918       0x16 ./src/pet_feeder_project.o
 .debug_macro   0x0000492e       0x97 ./src/pet_feeder_project.o
 .debug_macro   0x000049c5      0x104 ./src/pet_feeder_project.o
 .debug_macro   0x00004ac9       0x10 ./src/pet_feeder_project.o
 .debug_macro   0x00004ad9       0xbe ./src/pet_feeder_project.o
 .debug_macro   0x00004b97       0x16 ./src/pet_feeder_project.o
 .debug_macro   0x00004bad      0x114 ./src/pet_feeder_project.o
 .debug_macro   0x00004cc1       0x20 ./src/pet_feeder_project.o
 .debug_macro   0x00004ce1       0x82 ./src/pet_feeder_project.o
 .debug_macro   0x00004d63      0x36b ./src/sysinit.o
 .debug_macro   0x000050ce       0x22 ./src/sysinit.o
 .debug_macro   0x000050f0      0xa7d ./src/sysinit.o
 .debug_macro   0x00005b6d       0x34 ./src/sysinit.o
 .debug_macro   0x00005ba1       0x97 ./src/sysinit.o
 .debug_macro   0x00005c38      0x341 ./src/sysinit.o
 .debug_macro   0x00005f79       0xfd ./src/sysinit.o
 .debug_macro   0x00006076       0x43 ./src/sysinit.o
 .debug_macro   0x000060b9      0x129 ./src/sysinit.o
 .debug_macro   0x000061e2      0x3ed C:\Users\ruban\Documents\MCUXpressoIDE_11.5.1_7266\workspace2\lpc_board_nxp_lpcxpresso_1549\Debug\liblpc_board_nxp_lpcxpresso_1549.a(board.o)
 .debug_macro   0x000065cf      0xa7e C:\Users\ruban\Documents\MCUXpressoIDE_11.5.1_7266\workspace2\lpc_board_nxp_lpcxpresso_1549\Debug\liblpc_board_nxp_lpcxpresso_1549.a(board.o)
 .debug_macro   0x0000704d       0x8e C:\Users\ruban\Documents\MCUXpressoIDE_11.5.1_7266\workspace2\lpc_board_nxp_lpcxpresso_1549\Debug\liblpc_board_nxp_lpcxpresso_1549.a(board.o)
 .debug_macro   0x000070db       0x10 C:\Users\ruban\Documents\MCUXpressoIDE_11.5.1_7266\workspace2\lpc_board_nxp_lpcxpresso_1549\Debug\liblpc_board_nxp_lpcxpresso_1549.a(board.o)
 .debug_macro   0x000070eb       0x1c C:\Users\ruban\Documents\MCUXpressoIDE_11.5.1_7266\workspace2\lpc_board_nxp_lpcxpresso_1549\Debug\liblpc_board_nxp_lpcxpresso_1549.a(board.o)
 .debug_macro   0x00007107       0x52 C:\Users\ruban\Documents\MCUXpressoIDE_11.5.1_7266\workspace2\lpc_board_nxp_lpcxpresso_1549\Debug\liblpc_board_nxp_lpcxpresso_1549.a(board.o)
 .debug_macro   0x00007159       0x22 C:\Users\ruban\Documents\MCUXpressoIDE_11.5.1_7266\workspace2\lpc_board_nxp_lpcxpresso_1549\Debug\liblpc_board_nxp_lpcxpresso_1549.a(board.o)
 .debug_macro   0x0000717b       0x10 C:\Users\ruban\Documents\MCUXpressoIDE_11.5.1_7266\workspace2\lpc_board_nxp_lpcxpresso_1549\Debug\liblpc_board_nxp_lpcxpresso_1549.a(board.o)
 .debug_macro   0x0000718b       0x52 C:\Users\ruban\Documents\MCUXpressoIDE_11.5.1_7266\workspace2\lpc_board_nxp_lpcxpresso_1549\Debug\liblpc_board_nxp_lpcxpresso_1549.a(board.o)
 .debug_macro   0x000071dd       0xd5 C:\Users\ruban\Documents\MCUXpressoIDE_11.5.1_7266\workspace2\lpc_board_nxp_lpcxpresso_1549\Debug\liblpc_board_nxp_lpcxpresso_1549.a(board.o)
 .debug_macro   0x000072b2       0x1c C:\Users\ruban\Documents\MCUXpressoIDE_11.5.1_7266\workspace2\lpc_board_nxp_lpcxpresso_1549\Debug\liblpc_board_nxp_lpcxpresso_1549.a(board.o)
 .debug_macro   0x000072ce       0x3d C:\Users\ruban\Documents\MCUXpressoIDE_11.5.1_7266\workspace2\lpc_board_nxp_lpcxpresso_1549\Debug\liblpc_board_nxp_lpcxpresso_1549.a(board.o)
 .debug_macro   0x0000730b      0x16f C:\Users\ruban\Documents\MCUXpressoIDE_11.5.1_7266\workspace2\lpc_board_nxp_lpcxpresso_1549\Debug\liblpc_board_nxp_lpcxpresso_1549.a(board.o)
 .debug_macro   0x0000747a       0x12 C:\Users\ruban\Documents\MCUXpressoIDE_11.5.1_7266\workspace2\lpc_board_nxp_lpcxpresso_1549\Debug\liblpc_board_nxp_lpcxpresso_1549.a(board.o)
 .debug_macro   0x0000748c      0x40e C:\Users\ruban\Documents\MCUXpressoIDE_11.5.1_7266\workspace2\lpc_board_nxp_lpcxpresso_1549\Debug\liblpc_board_nxp_lpcxpresso_1549.a(board_sysinit.o)
 .debug_macro   0x0000789a       0x16 C:\Users\ruban\Documents\MCUXpressoIDE_11.5.1_7266\workspace2\lpc_board_nxp_lpcxpresso_1549\Debug\liblpc_board_nxp_lpcxpresso_1549.a(board_sysinit.o)
 .debug_macro   0x000078b0       0x35 C:\Users\ruban\Documents\MCUXpressoIDE_11.5.1_7266\workspace2\lpc_board_nxp_lpcxpresso_1549\Debug\liblpc_board_nxp_lpcxpresso_1549.a(board_sysinit.o)
 .debug_macro   0x000078e5      0x239 C:\Users\ruban\Documents\MCUXpressoIDE_11.5.1_7266\workspace2\lpc_chip_15xx\Debug\liblpc_chip_15xx.a(chip_15xx.o)
 .debug_macro   0x00007b1e      0xa78 C:\Users\ruban\Documents\MCUXpressoIDE_11.5.1_7266\workspace2\lpc_chip_15xx\Debug\liblpc_chip_15xx.a(chip_15xx.o)
 .debug_macro   0x00008596       0x10 C:\Users\ruban\Documents\MCUXpressoIDE_11.5.1_7266\workspace2\lpc_chip_15xx\Debug\liblpc_chip_15xx.a(chip_15xx.o)
 .debug_macro   0x000085a6      0x12e C:\Users\ruban\Documents\MCUXpressoIDE_11.5.1_7266\workspace2\lpc_chip_15xx\Debug\liblpc_chip_15xx.a(chip_15xx.o)
 .debug_macro   0x000086d4      0x5b3 C:\Users\ruban\Documents\MCUXpressoIDE_11.5.1_7266\workspace2\lpc_chip_15xx\Debug\liblpc_chip_15xx.a(chip_15xx.o)
 .debug_macro   0x00008c87       0x22 C:\Users\ruban\Documents\MCUXpressoIDE_11.5.1_7266\workspace2\lpc_chip_15xx\Debug\liblpc_chip_15xx.a(chip_15xx.o)
 .debug_macro   0x00008ca9      0x239 C:\Users\ruban\Documents\MCUXpressoIDE_11.5.1_7266\workspace2\lpc_chip_15xx\Debug\liblpc_chip_15xx.a(clock_15xx.o)
 .debug_macro   0x00008ee2      0x239 C:\Users\ruban\Documents\MCUXpressoIDE_11.5.1_7266\workspace2\lpc_chip_15xx\Debug\liblpc_chip_15xx.a(gpio_15xx.o)
 .debug_macro   0x0000911b      0x239 C:\Users\ruban\Documents\MCUXpressoIDE_11.5.1_7266\workspace2\lpc_chip_15xx\Debug\liblpc_chip_15xx.a(iocon_15xx.o)
 .debug_macro   0x00009354      0x245 C:\Users\ruban\Documents\MCUXpressoIDE_11.5.1_7266\workspace2\lpc_chip_15xx\Debug\liblpc_chip_15xx.a(swm_15xx.o)
 .debug_macro   0x00009599      0x251 C:\Users\ruban\Documents\MCUXpressoIDE_11.5.1_7266\workspace2\lpc_chip_15xx\Debug\liblpc_chip_15xx.a(sysctl_15xx.o)
 .debug_macro   0x000097ea      0x239 C:\Users\ruban\Documents\MCUXpressoIDE_11.5.1_7266\workspace2\lpc_chip_15xx\Debug\liblpc_chip_15xx.a(sysinit_15xx.o)
 .debug_macro   0x00009a23      0x239 C:\Users\ruban\Documents\MCUXpressoIDE_11.5.1_7266\workspace2\lpc_chip_15xx\Debug\liblpc_chip_15xx.a(uart_15xx.o)

.debug_line     0x00000000     0x684f
 .debug_line    0x00000000      0x797 ./src/DigitalIoPin.o
 .debug_line    0x00000797      0x5e2 ./src/cr_cpp_config.o
 .debug_line    0x00000d79      0x172 ./src/cr_startup_lpc15xx.o
 .debug_line    0x00000eeb      0x7b2 ./src/pet_feeder_project.o
 .debug_line    0x0000169d      0x746 ./src/sysinit.o
 .debug_line    0x00001de3      0xb04 C:\Users\ruban\Documents\MCUXpressoIDE_11.5.1_7266\workspace2\lpc_board_nxp_lpcxpresso_1549\Debug\liblpc_board_nxp_lpcxpresso_1549.a(board.o)
 .debug_line    0x000028e7      0x942 C:\Users\ruban\Documents\MCUXpressoIDE_11.5.1_7266\workspace2\lpc_board_nxp_lpcxpresso_1549\Debug\liblpc_board_nxp_lpcxpresso_1549.a(board_sysinit.o)
 .debug_line    0x00003229      0x5a1 C:\Users\ruban\Documents\MCUXpressoIDE_11.5.1_7266\workspace2\lpc_chip_15xx\Debug\liblpc_chip_15xx.a(chip_15xx.o)
 .debug_line    0x000037ca      0x9c6 C:\Users\ruban\Documents\MCUXpressoIDE_11.5.1_7266\workspace2\lpc_chip_15xx\Debug\liblpc_chip_15xx.a(clock_15xx.o)
 .debug_line    0x00004190      0x617 C:\Users\ruban\Documents\MCUXpressoIDE_11.5.1_7266\workspace2\lpc_chip_15xx\Debug\liblpc_chip_15xx.a(gpio_15xx.o)
 .debug_line    0x000047a7      0x51e C:\Users\ruban\Documents\MCUXpressoIDE_11.5.1_7266\workspace2\lpc_chip_15xx\Debug\liblpc_chip_15xx.a(iocon_15xx.o)
 .debug_line    0x00004cc5      0x589 C:\Users\ruban\Documents\MCUXpressoIDE_11.5.1_7266\workspace2\lpc_chip_15xx\Debug\liblpc_chip_15xx.a(swm_15xx.o)
 .debug_line    0x0000524e      0x5de C:\Users\ruban\Documents\MCUXpressoIDE_11.5.1_7266\workspace2\lpc_chip_15xx\Debug\liblpc_chip_15xx.a(sysctl_15xx.o)
 .debug_line    0x0000582c      0x5e4 C:\Users\ruban\Documents\MCUXpressoIDE_11.5.1_7266\workspace2\lpc_chip_15xx\Debug\liblpc_chip_15xx.a(sysinit_15xx.o)
 .debug_line    0x00005e10      0x809 C:\Users\ruban\Documents\MCUXpressoIDE_11.5.1_7266\workspace2\lpc_chip_15xx\Debug\liblpc_chip_15xx.a(uart_15xx.o)
 .debug_line    0x00006619      0x1d5 c:/metropolia/mcuxpressoide_11.5.1_7266/ide/plugins/com.nxp.mcuxpresso.tools.win32_11.5.1.202201181444/tools/bin/../lib/gcc/arm-none-eabi/10.3.1/../../../../arm-none-eabi/lib/thumb/v7-m/nofp\libcr_newlib_nohost.a(_cr_sbrk.o)
 .debug_line    0x000067ee       0x61 c:/metropolia/mcuxpressoide_11.5.1_7266/ide/plugins/com.nxp.mcuxpresso.tools.win32_11.5.1.202201181444/tools/bin/../lib/gcc/arm-none-eabi/10.3.1/../../../../arm-none-eabi/lib/thumb/v7-m/nofp\libcr_newlib_nohost.a(_cr_check_heap.o)

.debug_str      0x00000000    0x196a7
 .debug_str     0x00000000     0xf575 ./src/DigitalIoPin.o
                               0xf72d (size before relaxing)
 .debug_str     0x0000f575     0x4530 ./src/cr_cpp_config.o
                               0x79b5 (size before relaxing)
 .debug_str     0x00013aa5      0x209 ./src/cr_startup_lpc15xx.o
                               0x324c (size before relaxing)
 .debug_str     0x00013cae      0xc32 ./src/pet_feeder_project.o
                              0x12ccb (size before relaxing)
 .debug_str     0x000148e0      0x32c ./src/sysinit.o
                              0x1248a (size before relaxing)
 .debug_str     0x00014c0c     0x149c C:\Users\ruban\Documents\MCUXpressoIDE_11.5.1_7266\workspace2\lpc_board_nxp_lpcxpresso_1549\Debug\liblpc_board_nxp_lpcxpresso_1549.a(board.o)
                              0x1383e (size before relaxing)
 .debug_str     0x000160a8      0x8a4 C:\Users\ruban\Documents\MCUXpressoIDE_11.5.1_7266\workspace2\lpc_board_nxp_lpcxpresso_1549\Debug\liblpc_board_nxp_lpcxpresso_1549.a(board_sysinit.o)
                              0x13e4e (size before relaxing)
 .debug_str     0x0001694c     0x17c0 C:\Users\ruban\Documents\MCUXpressoIDE_11.5.1_7266\workspace2\lpc_chip_15xx\Debug\liblpc_chip_15xx.a(chip_15xx.o)
                              0x103fd (size before relaxing)
 .debug_str     0x0001810c      0x89d C:\Users\ruban\Documents\MCUXpressoIDE_11.5.1_7266\workspace2\lpc_chip_15xx\Debug\liblpc_chip_15xx.a(clock_15xx.o)
                              0x10814 (size before relaxing)
 .debug_str     0x000189a9       0xd8 C:\Users\ruban\Documents\MCUXpressoIDE_11.5.1_7266\workspace2\lpc_chip_15xx\Debug\liblpc_chip_15xx.a(gpio_15xx.o)
                               0xfeaa (size before relaxing)
 .debug_str     0x00018a81       0x41 C:\Users\ruban\Documents\MCUXpressoIDE_11.5.1_7266\workspace2\lpc_chip_15xx\Debug\liblpc_chip_15xx.a(iocon_15xx.o)
                               0xf9c7 (size before relaxing)
 .debug_str     0x00018ac2      0x55d C:\Users\ruban\Documents\MCUXpressoIDE_11.5.1_7266\workspace2\lpc_chip_15xx\Debug\liblpc_chip_15xx.a(swm_15xx.o)
                              0x103cf (size before relaxing)
 .debug_str     0x0001901f      0x183 C:\Users\ruban\Documents\MCUXpressoIDE_11.5.1_7266\workspace2\lpc_chip_15xx\Debug\liblpc_chip_15xx.a(sysctl_15xx.o)
                               0xfeb4 (size before relaxing)
 .debug_str     0x000191a2      0x13f C:\Users\ruban\Documents\MCUXpressoIDE_11.5.1_7266\workspace2\lpc_chip_15xx\Debug\liblpc_chip_15xx.a(sysinit_15xx.o)
                               0xfea3 (size before relaxing)
 .debug_str     0x000192e1      0x215 C:\Users\ruban\Documents\MCUXpressoIDE_11.5.1_7266\workspace2\lpc_chip_15xx\Debug\liblpc_chip_15xx.a(uart_15xx.o)
                              0x10013 (size before relaxing)
 .debug_str     0x000194f6      0x18c c:/metropolia/mcuxpressoide_11.5.1_7266/ide/plugins/com.nxp.mcuxpresso.tools.win32_11.5.1.202201181444/tools/bin/../lib/gcc/arm-none-eabi/10.3.1/../../../../arm-none-eabi/lib/thumb/v7-m/nofp\libcr_newlib_nohost.a(_cr_sbrk.o)
                                0x228 (size before relaxing)
 .debug_str     0x00019682       0x25 c:/metropolia/mcuxpressoide_11.5.1_7266/ide/plugins/com.nxp.mcuxpresso.tools.win32_11.5.1.202201181444/tools/bin/../lib/gcc/arm-none-eabi/10.3.1/../../../../arm-none-eabi/lib/thumb/v7-m/nofp\libcr_newlib_nohost.a(_cr_check_heap.o)
                                0x173 (size before relaxing)

.comment        0x00000000       0x49
 .comment       0x00000000       0x49 ./src/DigitalIoPin.o
                                 0x4a (size before relaxing)
 .comment       0x00000049       0x4a ./src/cr_cpp_config.o
 .comment       0x00000049       0x4a ./src/cr_startup_lpc15xx.o
 .comment       0x00000049       0x4a ./src/pet_feeder_project.o
 .comment       0x00000049       0x4a ./src/sysinit.o
 .comment       0x00000049       0x4a C:\Users\ruban\Documents\MCUXpressoIDE_11.5.1_7266\workspace2\lpc_board_nxp_lpcxpresso_1549\Debug\liblpc_board_nxp_lpcxpresso_1549.a(board.o)
 .comment       0x00000049       0x4a C:\Users\ruban\Documents\MCUXpressoIDE_11.5.1_7266\workspace2\lpc_board_nxp_lpcxpresso_1549\Debug\liblpc_board_nxp_lpcxpresso_1549.a(board_sysinit.o)
 .comment       0x00000049       0x4a C:\Users\ruban\Documents\MCUXpressoIDE_11.5.1_7266\workspace2\lpc_chip_15xx\Debug\liblpc_chip_15xx.a(chip_15xx.o)
 .comment       0x00000049       0x4a C:\Users\ruban\Documents\MCUXpressoIDE_11.5.1_7266\workspace2\lpc_chip_15xx\Debug\liblpc_chip_15xx.a(clock_15xx.o)
 .comment       0x00000049       0x4a C:\Users\ruban\Documents\MCUXpressoIDE_11.5.1_7266\workspace2\lpc_chip_15xx\Debug\liblpc_chip_15xx.a(gpio_15xx.o)
 .comment       0x00000049       0x4a C:\Users\ruban\Documents\MCUXpressoIDE_11.5.1_7266\workspace2\lpc_chip_15xx\Debug\liblpc_chip_15xx.a(iocon_15xx.o)
 .comment       0x00000049       0x4a C:\Users\ruban\Documents\MCUXpressoIDE_11.5.1_7266\workspace2\lpc_chip_15xx\Debug\liblpc_chip_15xx.a(swm_15xx.o)
 .comment       0x00000049       0x4a C:\Users\ruban\Documents\MCUXpressoIDE_11.5.1_7266\workspace2\lpc_chip_15xx\Debug\liblpc_chip_15xx.a(sysctl_15xx.o)
 .comment       0x00000049       0x4a C:\Users\ruban\Documents\MCUXpressoIDE_11.5.1_7266\workspace2\lpc_chip_15xx\Debug\liblpc_chip_15xx.a(sysinit_15xx.o)
 .comment       0x00000049       0x4a C:\Users\ruban\Documents\MCUXpressoIDE_11.5.1_7266\workspace2\lpc_chip_15xx\Debug\liblpc_chip_15xx.a(uart_15xx.o)
 .comment       0x00000049       0x4a c:/metropolia/mcuxpressoide_11.5.1_7266/ide/plugins/com.nxp.mcuxpresso.tools.win32_11.5.1.202201181444/tools/bin/../lib/gcc/arm-none-eabi/10.3.1/../../../../arm-none-eabi/lib/thumb/v7-m/nofp\libcr_newlib_nohost.a(_cr_sbrk.o)
 .comment       0x00000049       0x4a c:/metropolia/mcuxpressoide_11.5.1_7266/ide/plugins/com.nxp.mcuxpresso.tools.win32_11.5.1.202201181444/tools/bin/../lib/gcc/arm-none-eabi/10.3.1/../../../../arm-none-eabi/lib/thumb/v7-m/nofp\libcr_newlib_nohost.a(_cr_check_heap.o)

.ARM.attributes
                0x00000000       0x2b
 .ARM.attributes
                0x00000000       0x2d ./src/DigitalIoPin.o
 .ARM.attributes
                0x0000002d       0x2d ./src/cr_cpp_config.o
 .ARM.attributes
                0x0000005a       0x2d ./src/cr_startup_lpc15xx.o
 .ARM.attributes
                0x00000087       0x2d ./src/pet_feeder_project.o
 .ARM.attributes
                0x000000b4       0x2d ./src/sysinit.o
 .ARM.attributes
                0x000000e1       0x2d C:\Users\ruban\Documents\MCUXpressoIDE_11.5.1_7266\workspace2\lpc_board_nxp_lpcxpresso_1549\Debug\liblpc_board_nxp_lpcxpresso_1549.a(board.o)
 .ARM.attributes
                0x0000010e       0x2d C:\Users\ruban\Documents\MCUXpressoIDE_11.5.1_7266\workspace2\lpc_board_nxp_lpcxpresso_1549\Debug\liblpc_board_nxp_lpcxpresso_1549.a(board_sysinit.o)
 .ARM.attributes
                0x0000013b       0x2d C:\Users\ruban\Documents\MCUXpressoIDE_11.5.1_7266\workspace2\lpc_chip_15xx\Debug\liblpc_chip_15xx.a(chip_15xx.o)
 .ARM.attributes
                0x00000168       0x2d C:\Users\ruban\Documents\MCUXpressoIDE_11.5.1_7266\workspace2\lpc_chip_15xx\Debug\liblpc_chip_15xx.a(clock_15xx.o)
 .ARM.attributes
                0x00000195       0x2d C:\Users\ruban\Documents\MCUXpressoIDE_11.5.1_7266\workspace2\lpc_chip_15xx\Debug\liblpc_chip_15xx.a(gpio_15xx.o)
 .ARM.attributes
                0x000001c2       0x2d C:\Users\ruban\Documents\MCUXpressoIDE_11.5.1_7266\workspace2\lpc_chip_15xx\Debug\liblpc_chip_15xx.a(iocon_15xx.o)
 .ARM.attributes
                0x000001ef       0x2d C:\Users\ruban\Documents\MCUXpressoIDE_11.5.1_7266\workspace2\lpc_chip_15xx\Debug\liblpc_chip_15xx.a(swm_15xx.o)
 .ARM.attributes
                0x0000021c       0x2d C:\Users\ruban\Documents\MCUXpressoIDE_11.5.1_7266\workspace2\lpc_chip_15xx\Debug\liblpc_chip_15xx.a(sysctl_15xx.o)
 .ARM.attributes
                0x00000249       0x2d C:\Users\ruban\Documents\MCUXpressoIDE_11.5.1_7266\workspace2\lpc_chip_15xx\Debug\liblpc_chip_15xx.a(sysinit_15xx.o)
 .ARM.attributes
                0x00000276       0x2d C:\Users\ruban\Documents\MCUXpressoIDE_11.5.1_7266\workspace2\lpc_chip_15xx\Debug\liblpc_chip_15xx.a(uart_15xx.o)
 .ARM.attributes
                0x000002a3       0x1d c:/metropolia/mcuxpressoide_11.5.1_7266/ide/plugins/com.nxp.mcuxpresso.tools.win32_11.5.1.202201181444/tools/bin/../lib/gcc/arm-none-eabi/10.3.1/thumb/v7-m/nofp\libgcc.a(_aeabi_uldivmod.o)
 .ARM.attributes
                0x000002c0       0x2d c:/metropolia/mcuxpressoide_11.5.1_7266/ide/plugins/com.nxp.mcuxpresso.tools.win32_11.5.1.202201181444/tools/bin/../lib/gcc/arm-none-eabi/10.3.1/thumb/v7-m/nofp\libgcc.a(_udivmoddi4.o)
 .ARM.attributes
                0x000002ed       0x1d c:/metropolia/mcuxpressoide_11.5.1_7266/ide/plugins/com.nxp.mcuxpresso.tools.win32_11.5.1.202201181444/tools/bin/../lib/gcc/arm-none-eabi/10.3.1/thumb/v7-m/nofp\libgcc.a(_dvmd_tls.o)
 .ARM.attributes
                0x0000030a       0x2d c:/metropolia/mcuxpressoide_11.5.1_7266/ide/plugins/com.nxp.mcuxpresso.tools.win32_11.5.1.202201181444/tools/bin/../lib/gcc/arm-none-eabi/10.3.1/../../../../arm-none-eabi/lib/thumb/v7-m/nofp\libc.a(lib_a-init.o)
 .ARM.attributes
                0x00000337       0x2d c:/metropolia/mcuxpressoide_11.5.1_7266/ide/plugins/com.nxp.mcuxpresso.tools.win32_11.5.1.202201181444/tools/bin/../lib/gcc/arm-none-eabi/10.3.1/../../../../arm-none-eabi/lib/thumb/v7-m/nofp\libc.a(lib_a-malloc.o)
 .ARM.attributes
                0x00000364       0x2d c:/metropolia/mcuxpressoide_11.5.1_7266/ide/plugins/com.nxp.mcuxpresso.tools.win32_11.5.1.202201181444/tools/bin/../lib/gcc/arm-none-eabi/10.3.1/../../../../arm-none-eabi/lib/thumb/v7-m/nofp\libc.a(lib_a-mallocr.o)
 .ARM.attributes
                0x00000391       0x2d c:/metropolia/mcuxpressoide_11.5.1_7266/ide/plugins/com.nxp.mcuxpresso.tools.win32_11.5.1.202201181444/tools/bin/../lib/gcc/arm-none-eabi/10.3.1/../../../../arm-none-eabi/lib/thumb/v7-m/nofp\libc.a(lib_a-mlock.o)
 .ARM.attributes
                0x000003be       0x2d c:/metropolia/mcuxpressoide_11.5.1_7266/ide/plugins/com.nxp.mcuxpresso.tools.win32_11.5.1.202201181444/tools/bin/../lib/gcc/arm-none-eabi/10.3.1/../../../../arm-none-eabi/lib/thumb/v7-m/nofp\libc.a(lib_a-sbrkr.o)
 .ARM.attributes
                0x000003eb       0x2d c:/metropolia/mcuxpressoide_11.5.1_7266/ide/plugins/com.nxp.mcuxpresso.tools.win32_11.5.1.202201181444/tools/bin/../lib/gcc/arm-none-eabi/10.3.1/../../../../arm-none-eabi/lib/thumb/v7-m/nofp\libc.a(lib_a-freer.o)
 .ARM.attributes
                0x00000418       0x2d c:/metropolia/mcuxpressoide_11.5.1_7266/ide/plugins/com.nxp.mcuxpresso.tools.win32_11.5.1.202201181444/tools/bin/../lib/gcc/arm-none-eabi/10.3.1/../../../../arm-none-eabi/lib/thumb/v7-m/nofp\libc.a(lib_a-impure.o)
 .ARM.attributes
                0x00000445       0x2d c:/metropolia/mcuxpressoide_11.5.1_7266/ide/plugins/com.nxp.mcuxpresso.tools.win32_11.5.1.202201181444/tools/bin/../lib/gcc/arm-none-eabi/10.3.1/../../../../arm-none-eabi/lib/thumb/v7-m/nofp\libc.a(lib_a-lock.o)
 .ARM.attributes
                0x00000472       0x2d c:/metropolia/mcuxpressoide_11.5.1_7266/ide/plugins/com.nxp.mcuxpresso.tools.win32_11.5.1.202201181444/tools/bin/../lib/gcc/arm-none-eabi/10.3.1/../../../../arm-none-eabi/lib/thumb/v7-m/nofp\libc.a(lib_a-reent.o)
 .ARM.attributes
                0x0000049f       0x2d c:/metropolia/mcuxpressoide_11.5.1_7266/ide/plugins/com.nxp.mcuxpresso.tools.win32_11.5.1.202201181444/tools/bin/../lib/gcc/arm-none-eabi/10.3.1/../../../../arm-none-eabi/lib/thumb/v7-m/nofp\libcr_newlib_nohost.a(_cr_sbrk.o)
 .ARM.attributes
                0x000004cc       0x2d c:/metropolia/mcuxpressoide_11.5.1_7266/ide/plugins/com.nxp.mcuxpresso.tools.win32_11.5.1.202201181444/tools/bin/../lib/gcc/arm-none-eabi/10.3.1/../../../../arm-none-eabi/lib/thumb/v7-m/nofp\libcr_newlib_nohost.a(_cr_check_heap.o)
 .ARM.attributes
                0x000004f9       0x1d c:/metropolia/mcuxpressoide_11.5.1_7266/ide/plugins/com.nxp.mcuxpresso.tools.win32_11.5.1.202201181444/tools/bin/../lib/gcc/arm-none-eabi/10.3.1/thumb/v7-m/nofp\crti.o
 .ARM.attributes
                0x00000516       0x1d c:/metropolia/mcuxpressoide_11.5.1_7266/ide/plugins/com.nxp.mcuxpresso.tools.win32_11.5.1.202201181444/tools/bin/../lib/gcc/arm-none-eabi/10.3.1/thumb/v7-m/nofp\crtn.o
 .ARM.attributes
                0x00000533       0x2d c:/metropolia/mcuxpressoide_11.5.1_7266/ide/plugins/com.nxp.mcuxpresso.tools.win32_11.5.1.202201181444/tools/bin/../lib/gcc/arm-none-eabi/10.3.1/thumb/v7-m/nofp\crtbegin.o
 .ARM.attributes
                0x00000560       0x2d c:/metropolia/mcuxpressoide_11.5.1_7266/ide/plugins/com.nxp.mcuxpresso.tools.win32_11.5.1.202201181444/tools/bin/../lib/gcc/arm-none-eabi/10.3.1/../../../../arm-none-eabi/lib/thumb/v7-m/nofp\libc.a(lib_a-errno.o)

.debug_frame    0x00000000     0x1a8c
 .debug_frame   0x00000000      0x190 ./src/DigitalIoPin.o
 .debug_frame   0x00000190       0xe0 ./src/cr_cpp_config.o
 .debug_frame   0x00000270      0x170 ./src/cr_startup_lpc15xx.o
 .debug_frame   0x000003e0       0x30 ./src/pet_feeder_project.o
 .debug_frame   0x00000410       0x2c ./src/sysinit.o
 .debug_frame   0x0000043c      0x360 C:\Users\ruban\Documents\MCUXpressoIDE_11.5.1_7266\workspace2\lpc_board_nxp_lpcxpresso_1549\Debug\liblpc_board_nxp_lpcxpresso_1549.a(board.o)
 .debug_frame   0x0000079c      0x14c C:\Users\ruban\Documents\MCUXpressoIDE_11.5.1_7266\workspace2\lpc_board_nxp_lpcxpresso_1549\Debug\liblpc_board_nxp_lpcxpresso_1549.a(board_sysinit.o)
 .debug_frame   0x000008e8      0x104 C:\Users\ruban\Documents\MCUXpressoIDE_11.5.1_7266\workspace2\lpc_chip_15xx\Debug\liblpc_chip_15xx.a(chip_15xx.o)
 .debug_frame   0x000009ec      0x4b8 C:\Users\ruban\Documents\MCUXpressoIDE_11.5.1_7266\workspace2\lpc_chip_15xx\Debug\liblpc_chip_15xx.a(clock_15xx.o)
 .debug_frame   0x00000ea4      0x1b4 C:\Users\ruban\Documents\MCUXpressoIDE_11.5.1_7266\workspace2\lpc_chip_15xx\Debug\liblpc_chip_15xx.a(gpio_15xx.o)
 .debug_frame   0x00001058       0x5c C:\Users\ruban\Documents\MCUXpressoIDE_11.5.1_7266\workspace2\lpc_chip_15xx\Debug\liblpc_chip_15xx.a(iocon_15xx.o)
 .debug_frame   0x000010b4       0xd4 C:\Users\ruban\Documents\MCUXpressoIDE_11.5.1_7266\workspace2\lpc_chip_15xx\Debug\liblpc_chip_15xx.a(swm_15xx.o)
 .debug_frame   0x00001188      0x128 C:\Users\ruban\Documents\MCUXpressoIDE_11.5.1_7266\workspace2\lpc_chip_15xx\Debug\liblpc_chip_15xx.a(sysctl_15xx.o)
 .debug_frame   0x000012b0      0x12c C:\Users\ruban\Documents\MCUXpressoIDE_11.5.1_7266\workspace2\lpc_chip_15xx\Debug\liblpc_chip_15xx.a(sysinit_15xx.o)
 .debug_frame   0x000013dc      0x340 C:\Users\ruban\Documents\MCUXpressoIDE_11.5.1_7266\workspace2\lpc_chip_15xx\Debug\liblpc_chip_15xx.a(uart_15xx.o)
 .debug_frame   0x0000171c       0x2c c:/metropolia/mcuxpressoide_11.5.1_7266/ide/plugins/com.nxp.mcuxpresso.tools.win32_11.5.1.202201181444/tools/bin/../lib/gcc/arm-none-eabi/10.3.1/thumb/v7-m/nofp\libgcc.a(_aeabi_uldivmod.o)
 .debug_frame   0x00001748       0x34 c:/metropolia/mcuxpressoide_11.5.1_7266/ide/plugins/com.nxp.mcuxpresso.tools.win32_11.5.1.202201181444/tools/bin/../lib/gcc/arm-none-eabi/10.3.1/thumb/v7-m/nofp\libgcc.a(_udivmoddi4.o)
 .debug_frame   0x0000177c       0x2c c:/metropolia/mcuxpressoide_11.5.1_7266/ide/plugins/com.nxp.mcuxpresso.tools.win32_11.5.1.202201181444/tools/bin/../lib/gcc/arm-none-eabi/10.3.1/../../../../arm-none-eabi/lib/thumb/v7-m/nofp\libc.a(lib_a-init.o)
 .debug_frame   0x000017a8       0x30 c:/metropolia/mcuxpressoide_11.5.1_7266/ide/plugins/com.nxp.mcuxpresso.tools.win32_11.5.1.202201181444/tools/bin/../lib/gcc/arm-none-eabi/10.3.1/../../../../arm-none-eabi/lib/thumb/v7-m/nofp\libc.a(lib_a-malloc.o)
 .debug_frame   0x000017d8       0x4c c:/metropolia/mcuxpressoide_11.5.1_7266/ide/plugins/com.nxp.mcuxpresso.tools.win32_11.5.1.202201181444/tools/bin/../lib/gcc/arm-none-eabi/10.3.1/../../../../arm-none-eabi/lib/thumb/v7-m/nofp\libc.a(lib_a-mallocr.o)
 .debug_frame   0x00001824       0x30 c:/metropolia/mcuxpressoide_11.5.1_7266/ide/plugins/com.nxp.mcuxpresso.tools.win32_11.5.1.202201181444/tools/bin/../lib/gcc/arm-none-eabi/10.3.1/../../../../arm-none-eabi/lib/thumb/v7-m/nofp\libc.a(lib_a-mlock.o)
 .debug_frame   0x00001854       0x2c c:/metropolia/mcuxpressoide_11.5.1_7266/ide/plugins/com.nxp.mcuxpresso.tools.win32_11.5.1.202201181444/tools/bin/../lib/gcc/arm-none-eabi/10.3.1/../../../../arm-none-eabi/lib/thumb/v7-m/nofp\libc.a(lib_a-sbrkr.o)
 .debug_frame   0x00001880       0x8c c:/metropolia/mcuxpressoide_11.5.1_7266/ide/plugins/com.nxp.mcuxpresso.tools.win32_11.5.1.202201181444/tools/bin/../lib/gcc/arm-none-eabi/10.3.1/../../../../arm-none-eabi/lib/thumb/v7-m/nofp\libc.a(lib_a-freer.o)
 .debug_frame   0x0000190c       0xb0 c:/metropolia/mcuxpressoide_11.5.1_7266/ide/plugins/com.nxp.mcuxpresso.tools.win32_11.5.1.202201181444/tools/bin/../lib/gcc/arm-none-eabi/10.3.1/../../../../arm-none-eabi/lib/thumb/v7-m/nofp\libc.a(lib_a-lock.o)
 .debug_frame   0x000019bc       0x64 c:/metropolia/mcuxpressoide_11.5.1_7266/ide/plugins/com.nxp.mcuxpresso.tools.win32_11.5.1.202201181444/tools/bin/../lib/gcc/arm-none-eabi/10.3.1/../../../../arm-none-eabi/lib/thumb/v7-m/nofp\libc.a(lib_a-reent.o)
 .debug_frame   0x00001a20       0x2c c:/metropolia/mcuxpressoide_11.5.1_7266/ide/plugins/com.nxp.mcuxpresso.tools.win32_11.5.1.202201181444/tools/bin/../lib/gcc/arm-none-eabi/10.3.1/../../../../arm-none-eabi/lib/thumb/v7-m/nofp\libcr_newlib_nohost.a(_cr_sbrk.o)
 .debug_frame   0x00001a4c       0x20 c:/metropolia/mcuxpressoide_11.5.1_7266/ide/plugins/com.nxp.mcuxpresso.tools.win32_11.5.1.202201181444/tools/bin/../lib/gcc/arm-none-eabi/10.3.1/../../../../arm-none-eabi/lib/thumb/v7-m/nofp\libcr_newlib_nohost.a(_cr_check_heap.o)
 .debug_frame   0x00001a6c       0x20 c:/metropolia/mcuxpressoide_11.5.1_7266/ide/plugins/com.nxp.mcuxpresso.tools.win32_11.5.1.202201181444/tools/bin/../lib/gcc/arm-none-eabi/10.3.1/../../../../arm-none-eabi/lib/thumb/v7-m/nofp\libc.a(lib_a-errno.o)

.debug_loc      0x00000000       0x7e
 .debug_loc     0x00000000       0x5c c:/metropolia/mcuxpressoide_11.5.1_7266/ide/plugins/com.nxp.mcuxpresso.tools.win32_11.5.1.202201181444/tools/bin/../lib/gcc/arm-none-eabi/10.3.1/../../../../arm-none-eabi/lib/thumb/v7-m/nofp\libcr_newlib_nohost.a(_cr_sbrk.o)
 .debug_loc     0x0000005c       0x22 c:/metropolia/mcuxpressoide_11.5.1_7266/ide/plugins/com.nxp.mcuxpresso.tools.win32_11.5.1.202201181444/tools/bin/../lib/gcc/arm-none-eabi/10.3.1/../../../../arm-none-eabi/lib/thumb/v7-m/nofp\libcr_newlib_nohost.a(_cr_check_heap.o)

Cross Reference Table

Symbol                                            File
ACMP0_IRQHandler                                  ./src/cr_startup_lpc15xx.o
ACMP1_IRQHandler                                  ./src/cr_startup_lpc15xx.o
ACMP2_IRQHandler                                  ./src/cr_startup_lpc15xx.o
ACMP3_IRQHandler                                  ./src/cr_startup_lpc15xx.o
ADC0A_IRQHandler                                  ./src/cr_startup_lpc15xx.o
ADC0B_IRQHandler                                  ./src/cr_startup_lpc15xx.o
ADC0_OVR_IRQHandler                               ./src/cr_startup_lpc15xx.o
ADC0_THCMP_IRQHandler                             ./src/cr_startup_lpc15xx.o
ADC1A_IRQHandler                                  ./src/cr_startup_lpc15xx.o
ADC1B_IRQHandler                                  ./src/cr_startup_lpc15xx.o
ADC1_OVR_IRQHandler                               ./src/cr_startup_lpc15xx.o
ADC1_THCMP_IRQHandler                             ./src/cr_startup_lpc15xx.o
BOD_IRQHandler                                    ./src/cr_startup_lpc15xx.o
Board_Debug_Init                                  C:\Users\ruban\Documents\MCUXpressoIDE_11.5.1_7266\workspace2\lpc_board_nxp_lpcxpresso_1549\Debug\liblpc_board_nxp_lpcxpresso_1549.a(board.o)
Board_Init                                        C:\Users\ruban\Documents\MCUXpressoIDE_11.5.1_7266\workspace2\lpc_board_nxp_lpcxpresso_1549\Debug\liblpc_board_nxp_lpcxpresso_1549.a(board.o)
                                                  ./src/pet_feeder_project.o
Board_Joystick_Init                               C:\Users\ruban\Documents\MCUXpressoIDE_11.5.1_7266\workspace2\lpc_board_nxp_lpcxpresso_1549\Debug\liblpc_board_nxp_lpcxpresso_1549.a(board.o)
Board_LED_Set                                     C:\Users\ruban\Documents\MCUXpressoIDE_11.5.1_7266\workspace2\lpc_board_nxp_lpcxpresso_1549\Debug\liblpc_board_nxp_lpcxpresso_1549.a(board.o)
                                                  ./src/pet_feeder_project.o
Board_LED_Test                                    C:\Users\ruban\Documents\MCUXpressoIDE_11.5.1_7266\workspace2\lpc_board_nxp_lpcxpresso_1549\Debug\liblpc_board_nxp_lpcxpresso_1549.a(board.o)
Board_LED_Toggle                                  C:\Users\ruban\Documents\MCUXpressoIDE_11.5.1_7266\workspace2\lpc_board_nxp_lpcxpresso_1549\Debug\liblpc_board_nxp_lpcxpresso_1549.a(board.o)
Board_SetupClocking                               C:\Users\ruban\Documents\MCUXpressoIDE_11.5.1_7266\workspace2\lpc_board_nxp_lpcxpresso_1549\Debug\liblpc_board_nxp_lpcxpresso_1549.a(board_sysinit.o)
Board_SetupMuxing                                 C:\Users\ruban\Documents\MCUXpressoIDE_11.5.1_7266\workspace2\lpc_board_nxp_lpcxpresso_1549\Debug\liblpc_board_nxp_lpcxpresso_1549.a(board_sysinit.o)
Board_SystemInit                                  C:\Users\ruban\Documents\MCUXpressoIDE_11.5.1_7266\workspace2\lpc_board_nxp_lpcxpresso_1549\Debug\liblpc_board_nxp_lpcxpresso_1549.a(board_sysinit.o)
                                                  ./src/sysinit.o
Board_UARTGetChar                                 C:\Users\ruban\Documents\MCUXpressoIDE_11.5.1_7266\workspace2\lpc_board_nxp_lpcxpresso_1549\Debug\liblpc_board_nxp_lpcxpresso_1549.a(board.o)
Board_UARTPutChar                                 C:\Users\ruban\Documents\MCUXpressoIDE_11.5.1_7266\workspace2\lpc_board_nxp_lpcxpresso_1549\Debug\liblpc_board_nxp_lpcxpresso_1549.a(board.o)
Board_UARTPutSTR                                  C:\Users\ruban\Documents\MCUXpressoIDE_11.5.1_7266\workspace2\lpc_board_nxp_lpcxpresso_1549\Debug\liblpc_board_nxp_lpcxpresso_1549.a(board.o)
BusFault_Handler                                  ./src/cr_startup_lpc15xx.o
CAN_IRQHandler                                    ./src/cr_startup_lpc15xx.o
CRP_WORD                                          ./src/crp.o
Chip_Clock_DisablePeriphClock                     C:\Users\ruban\Documents\MCUXpressoIDE_11.5.1_7266\workspace2\lpc_chip_15xx\Debug\liblpc_chip_15xx.a(clock_15xx.o)
                                                  C:\Users\ruban\Documents\MCUXpressoIDE_11.5.1_7266\workspace2\lpc_chip_15xx\Debug\liblpc_chip_15xx.a(uart_15xx.o)
                                                  C:\Users\ruban\Documents\MCUXpressoIDE_11.5.1_7266\workspace2\lpc_chip_15xx\Debug\liblpc_chip_15xx.a(gpio_15xx.o)
Chip_Clock_EnablePeriphClock                      C:\Users\ruban\Documents\MCUXpressoIDE_11.5.1_7266\workspace2\lpc_chip_15xx\Debug\liblpc_chip_15xx.a(clock_15xx.o)
                                                  C:\Users\ruban\Documents\MCUXpressoIDE_11.5.1_7266\workspace2\lpc_chip_15xx\Debug\liblpc_chip_15xx.a(uart_15xx.o)
                                                  C:\Users\ruban\Documents\MCUXpressoIDE_11.5.1_7266\workspace2\lpc_chip_15xx\Debug\liblpc_chip_15xx.a(gpio_15xx.o)
                                                  C:\Users\ruban\Documents\MCUXpressoIDE_11.5.1_7266\workspace2\lpc_chip_15xx\Debug\liblpc_chip_15xx.a(chip_15xx.o)
                                                  C:\Users\ruban\Documents\MCUXpressoIDE_11.5.1_7266\workspace2\lpc_board_nxp_lpcxpresso_1549\Debug\liblpc_board_nxp_lpcxpresso_1549.a(board_sysinit.o)
Chip_Clock_GetADCASYNCRate                        C:\Users\ruban\Documents\MCUXpressoIDE_11.5.1_7266\workspace2\lpc_chip_15xx\Debug\liblpc_chip_15xx.a(clock_15xx.o)
Chip_Clock_GetMainClockRate                       C:\Users\ruban\Documents\MCUXpressoIDE_11.5.1_7266\workspace2\lpc_chip_15xx\Debug\liblpc_chip_15xx.a(clock_15xx.o)
                                                  C:\Users\ruban\Documents\MCUXpressoIDE_11.5.1_7266\workspace2\lpc_board_nxp_lpcxpresso_1549\Debug\liblpc_board_nxp_lpcxpresso_1549.a(board.o)
Chip_Clock_GetMainClockSource                     C:\Users\ruban\Documents\MCUXpressoIDE_11.5.1_7266\workspace2\lpc_chip_15xx\Debug\liblpc_chip_15xx.a(clock_15xx.o)
Chip_Clock_GetMain_A_ClockRate                    C:\Users\ruban\Documents\MCUXpressoIDE_11.5.1_7266\workspace2\lpc_chip_15xx\Debug\liblpc_chip_15xx.a(clock_15xx.o)
Chip_Clock_GetMain_B_ClockRate                    C:\Users\ruban\Documents\MCUXpressoIDE_11.5.1_7266\workspace2\lpc_chip_15xx\Debug\liblpc_chip_15xx.a(clock_15xx.o)
Chip_Clock_GetSCTPLLInClockRate                   C:\Users\ruban\Documents\MCUXpressoIDE_11.5.1_7266\workspace2\lpc_chip_15xx\Debug\liblpc_chip_15xx.a(clock_15xx.o)
Chip_Clock_GetSCTPLLOutClockRate                  C:\Users\ruban\Documents\MCUXpressoIDE_11.5.1_7266\workspace2\lpc_chip_15xx\Debug\liblpc_chip_15xx.a(clock_15xx.o)
Chip_Clock_GetSysTickClockRate                    C:\Users\ruban\Documents\MCUXpressoIDE_11.5.1_7266\workspace2\lpc_chip_15xx\Debug\liblpc_chip_15xx.a(clock_15xx.o)
Chip_Clock_GetSystemClockRate                     C:\Users\ruban\Documents\MCUXpressoIDE_11.5.1_7266\workspace2\lpc_chip_15xx\Debug\liblpc_chip_15xx.a(clock_15xx.o)
                                                  C:\Users\ruban\Documents\MCUXpressoIDE_11.5.1_7266\workspace2\lpc_chip_15xx\Debug\liblpc_chip_15xx.a(chip_15xx.o)
Chip_Clock_GetSystemPLLInClockRate                C:\Users\ruban\Documents\MCUXpressoIDE_11.5.1_7266\workspace2\lpc_chip_15xx\Debug\liblpc_chip_15xx.a(clock_15xx.o)
Chip_Clock_GetSystemPLLOutClockRate               C:\Users\ruban\Documents\MCUXpressoIDE_11.5.1_7266\workspace2\lpc_chip_15xx\Debug\liblpc_chip_15xx.a(clock_15xx.o)
Chip_Clock_GetUARTBaseClockRate                   C:\Users\ruban\Documents\MCUXpressoIDE_11.5.1_7266\workspace2\lpc_chip_15xx\Debug\liblpc_chip_15xx.a(clock_15xx.o)
                                                  C:\Users\ruban\Documents\MCUXpressoIDE_11.5.1_7266\workspace2\lpc_chip_15xx\Debug\liblpc_chip_15xx.a(uart_15xx.o)
Chip_Clock_GetUSBPLLInClockRate                   C:\Users\ruban\Documents\MCUXpressoIDE_11.5.1_7266\workspace2\lpc_chip_15xx\Debug\liblpc_chip_15xx.a(clock_15xx.o)
Chip_Clock_GetUSBPLLOutClockRate                  C:\Users\ruban\Documents\MCUXpressoIDE_11.5.1_7266\workspace2\lpc_chip_15xx\Debug\liblpc_chip_15xx.a(clock_15xx.o)